<?xml version="1.0" encoding="utf-8"?>
<TestRun id="331ca423-5ec2-40b3-85e3-e3cdabec7f4e" name="@cursor 2025-07-22 11:39:04" xmlns="http://microsoft.com/schemas/VisualStudio/TeamTest/2010">
  <Times creation="2025-07-22T11:39:04.8251393+00:00" queuing="2025-07-22T11:39:04.8251394+00:00" start="2025-07-22T11:39:03.9314849+00:00" finish="2025-07-22T11:39:05.4914726+00:00" />
  <TestSettings name="default" id="a9e8f5ff-1067-4f9a-8d7c-1bff9e5fe042">
    <Deployment runDeploymentRoot="_cursor_2025-07-22_11_39_04" />
  </TestSettings>
  <Results>
    <UnitTestResult executionId="715df1c2-d4ab-4991-a84f-390dd77681df" testId="4c43baae-c7b2-9881-fac5-87acbdbfed7b" testName="LoginUserAPI.Tests.AuthControllerTests.HealthCheck_ReturnsCorrectUserCount" computerName="cursor" duration="00:00:00.0002590" startTime="2025-07-22T11:39:04.8464580+00:00" endTime="2025-07-22T11:39:04.8464580+00:00" testType="13cdc9d9-ddb5-4fa4-a97d-d965ccfc6d4b" outcome="Passed" testListId="8c84fa94-04c1-424b-9868-57a2d4851a1d" relativeResultsDirectory="715df1c2-d4ab-4991-a84f-390dd77681df" />
    <UnitTestResult executionId="16498bb6-7cc7-4274-a070-040ae8b23e3c" testId="ebf53b28-2450-64ad-c356-5c3a121a3472" testName="LoginUserAPI.Tests.ModelTests.UpdateProfileRequest_VariousInputs_WorksCorrectly(firstName: &quot;John&quot;, lastName: &quot;Doe&quot;)" computerName="cursor" duration="00:00:00.0000024" startTime="2025-07-22T11:39:04.8019646+00:00" endTime="2025-07-22T11:39:04.8019646+00:00" testType="13cdc9d9-ddb5-4fa4-a97d-d965ccfc6d4b" outcome="Passed" testListId="8c84fa94-04c1-424b-9868-57a2d4851a1d" relativeResultsDirectory="16498bb6-7cc7-4274-a070-040ae8b23e3c" />
    <UnitTestResult executionId="57ad0efa-0429-4c2c-a528-82b0e9d5f932" testId="6c20981b-8fb1-04a9-7ce4-3a3dc2dddcd3" testName="LoginUserAPI.Tests.AuthControllerTests.HealthCheck_ReturnsOkResult" computerName="cursor" duration="00:00:00.0002725" startTime="2025-07-22T11:39:04.8266600+00:00" endTime="2025-07-22T11:39:04.8266600+00:00" testType="13cdc9d9-ddb5-4fa4-a97d-d965ccfc6d4b" outcome="Passed" testListId="8c84fa94-04c1-424b-9868-57a2d4851a1d" relativeResultsDirectory="57ad0efa-0429-4c2c-a528-82b0e9d5f932" />
    <UnitTestResult executionId="63fce7bb-2589-4282-a794-30d97eacde12" testId="2772ac65-d708-a34c-3f7b-79c5ed321ca3" testName="LoginUserAPI.Tests.ModelTests.UserResponse_SetProperties_WorksCorrectly" computerName="cursor" duration="00:00:00.0000764" startTime="2025-07-22T11:39:04.8022527+00:00" endTime="2025-07-22T11:39:04.8022527+00:00" testType="13cdc9d9-ddb5-4fa4-a97d-d965ccfc6d4b" outcome="Passed" testListId="8c84fa94-04c1-424b-9868-57a2d4851a1d" relativeResultsDirectory="63fce7bb-2589-4282-a794-30d97eacde12" />
    <UnitTestResult executionId="92dbeca4-7882-446d-8997-5503f8b92fe9" testId="d65bd58f-977e-c4ce-6077-c2d3655d3245" testName="LoginUserAPI.Tests.ModelTests.LoginRequest_VariousInputs_WorksCorrectly(email: &quot;user@domain.org&quot;, password: &quot;secret&quot;)" computerName="cursor" duration="00:00:00.0000037" startTime="2025-07-22T11:39:04.7667378+00:00" endTime="2025-07-22T11:39:04.7667379+00:00" testType="13cdc9d9-ddb5-4fa4-a97d-d965ccfc6d4b" outcome="Passed" testListId="8c84fa94-04c1-424b-9868-57a2d4851a1d" relativeResultsDirectory="92dbeca4-7882-446d-8997-5503f8b92fe9" />
    <UnitTestResult executionId="f183ee88-07b5-4787-a444-9e1c25299b58" testId="b93153ab-798b-fed9-906e-7dad852e5b86" testName="LoginUserAPI.Tests.ModelTests.RegisterRequest_DefaultValues_AreCorrect" computerName="cursor" duration="00:00:00.0000302" startTime="2025-07-22T11:39:04.8048752+00:00" endTime="2025-07-22T11:39:04.8048752+00:00" testType="13cdc9d9-ddb5-4fa4-a97d-d965ccfc6d4b" outcome="Passed" testListId="8c84fa94-04c1-424b-9868-57a2d4851a1d" relativeResultsDirectory="f183ee88-07b5-4787-a444-9e1c25299b58" />
    <UnitTestResult executionId="9527d0f7-8f70-43c3-b3dc-a37144dad979" testId="8543fd21-3aa9-4dd0-70c5-1a6d62268c55" testName="LoginUserAPI.Tests.AuthControllerTests.Login_EmptyEmail_ReturnsBadRequest" computerName="cursor" duration="00:00:00.0002025" startTime="2025-07-22T11:39:04.8420144+00:00" endTime="2025-07-22T11:39:04.8420145+00:00" testType="13cdc9d9-ddb5-4fa4-a97d-d965ccfc6d4b" outcome="Passed" testListId="8c84fa94-04c1-424b-9868-57a2d4851a1d" relativeResultsDirectory="9527d0f7-8f70-43c3-b3dc-a37144dad979" />
    <UnitTestResult executionId="e639d5bc-b1ba-44f6-9b15-313eef2fa035" testId="cd0c4b77-d167-435c-70ed-cb32bc90a837" testName="LoginUserAPI.Tests.AuthControllerTests.UpdateProfile_EmptyFirstName_UpdatesOnlyLastName" computerName="cursor" duration="00:00:00.0003923" startTime="2025-07-22T11:39:04.8279715+00:00" endTime="2025-07-22T11:39:04.8279716+00:00" testType="13cdc9d9-ddb5-4fa4-a97d-d965ccfc6d4b" outcome="Passed" testListId="8c84fa94-04c1-424b-9868-57a2d4851a1d" relativeResultsDirectory="e639d5bc-b1ba-44f6-9b15-313eef2fa035" />
    <UnitTestResult executionId="0a02f15c-46f7-4785-9df9-cbee2e80f7bb" testId="fe4576a3-20d2-804f-90d1-c3216283f4cc" testName="LoginUserAPI.Tests.ModelTests.LoginRequest_DefaultValues_AreCorrect" computerName="cursor" duration="00:00:00.0119253" startTime="2025-07-22T11:39:04.7478776+00:00" endTime="2025-07-22T11:39:04.7478931+00:00" testType="13cdc9d9-ddb5-4fa4-a97d-d965ccfc6d4b" outcome="Passed" testListId="8c84fa94-04c1-424b-9868-57a2d4851a1d" relativeResultsDirectory="0a02f15c-46f7-4785-9df9-cbee2e80f7bb" />
    <UnitTestResult executionId="d85f9f13-3fbf-4088-a599-4b327d24eaaa" testId="0b8755a0-d4b6-2c4e-afba-943b8094fc2c" testName="LoginUserAPI.Tests.AuthControllerIntegrationTests.GetAllUsers_ReturnsSuccess" computerName="cursor" duration="00:00:00.0032732" startTime="2025-07-22T11:39:05.2021103+00:00" endTime="2025-07-22T11:39:05.2021104+00:00" testType="13cdc9d9-ddb5-4fa4-a97d-d965ccfc6d4b" outcome="Passed" testListId="8c84fa94-04c1-424b-9868-57a2d4851a1d" relativeResultsDirectory="d85f9f13-3fbf-4088-a599-4b327d24eaaa" />
    <UnitTestResult executionId="22a7d025-c0ce-424c-b6c9-f5cd013f3d4d" testId="26a6b848-2677-c45a-d9ce-54c24095405c" testName="LoginUserAPI.Tests.AuthControllerIntegrationTests.Login_ValidCredentials_ReturnsSuccess" computerName="cursor" duration="00:00:00.0040675" startTime="2025-07-22T11:39:05.2143412+00:00" endTime="2025-07-22T11:39:05.2143413+00:00" testType="13cdc9d9-ddb5-4fa4-a97d-d965ccfc6d4b" outcome="Passed" testListId="8c84fa94-04c1-424b-9868-57a2d4851a1d" relativeResultsDirectory="22a7d025-c0ce-424c-b6c9-f5cd013f3d4d" />
    <UnitTestResult executionId="5a97bb2c-b56c-4af6-a710-6366e4eb2ee3" testId="8d977e16-e184-3e4b-22d7-880ff7648c1d" testName="LoginUserAPI.Tests.AuthControllerIntegrationTests.Login_InvalidCredentials_ReturnsBadRequest" computerName="cursor" duration="00:00:00.0012346" startTime="2025-07-22T11:39:05.2156316+00:00" endTime="2025-07-22T11:39:05.2156317+00:00" testType="13cdc9d9-ddb5-4fa4-a97d-d965ccfc6d4b" outcome="Passed" testListId="8c84fa94-04c1-424b-9868-57a2d4851a1d" relativeResultsDirectory="5a97bb2c-b56c-4af6-a710-6366e4eb2ee3" />
    <UnitTestResult executionId="5c652dab-2dd4-4bc6-b4ff-95d16d7bd50d" testId="67978293-2af4-9ff3-6a6e-c0d6ba419049" testName="LoginUserAPI.Tests.AuthControllerTests.Login_InvalidCredentials_ReturnsBadRequest" computerName="cursor" duration="00:00:00.0001792" startTime="2025-07-22T11:39:04.8269850+00:00" endTime="2025-07-22T11:39:04.8269851+00:00" testType="13cdc9d9-ddb5-4fa4-a97d-d965ccfc6d4b" outcome="Passed" testListId="8c84fa94-04c1-424b-9868-57a2d4851a1d" relativeResultsDirectory="5c652dab-2dd4-4bc6-b4ff-95d16d7bd50d" />
    <UnitTestResult executionId="0d822f9a-b684-4bf0-a416-196a8d500df9" testId="103c1350-5726-a946-1007-ceaa5d533d13" testName="LoginUserAPI.Tests.ModelTests.UpdateProfileRequest_VariousInputs_WorksCorrectly(firstName: &quot;Jane&quot;, lastName: &quot;Smith&quot;)" computerName="cursor" duration="00:00:00.0000768" startTime="2025-07-22T11:39:04.8016431+00:00" endTime="2025-07-22T11:39:04.8016432+00:00" testType="13cdc9d9-ddb5-4fa4-a97d-d965ccfc6d4b" outcome="Passed" testListId="8c84fa94-04c1-424b-9868-57a2d4851a1d" relativeResultsDirectory="0d822f9a-b684-4bf0-a416-196a8d500df9" />
    <UnitTestResult executionId="eee8f75c-cc8f-437b-a9ee-c014cb0f8114" testId="731bf6dc-2ae4-6fbc-a209-9a4e188d7d3e" testName="LoginUserAPI.Tests.AuthControllerTests.Register_EmptyEmail_ReturnsBadRequest" computerName="cursor" duration="00:00:00.0001480" startTime="2025-07-22T11:39:04.8426200+00:00" endTime="2025-07-22T11:39:04.8426201+00:00" testType="13cdc9d9-ddb5-4fa4-a97d-d965ccfc6d4b" outcome="Passed" testListId="8c84fa94-04c1-424b-9868-57a2d4851a1d" relativeResultsDirectory="eee8f75c-cc8f-437b-a9ee-c014cb0f8114" />
    <UnitTestResult executionId="ab8b0269-f1b5-4c7e-b473-9cde5b893ce9" testId="f724b0dc-c183-2b88-55f6-508d2d012eb6" testName="LoginUserAPI.Tests.AuthControllerIntegrationTests.Register_DuplicateEmail_ReturnsBadRequest" computerName="cursor" duration="00:00:00.0024316" startTime="2025-07-22T11:39:05.2084934+00:00" endTime="2025-07-22T11:39:05.2084935+00:00" testType="13cdc9d9-ddb5-4fa4-a97d-d965ccfc6d4b" outcome="Passed" testListId="8c84fa94-04c1-424b-9868-57a2d4851a1d" relativeResultsDirectory="ab8b0269-f1b5-4c7e-b473-9cde5b893ce9" />
    <UnitTestResult executionId="a18be09d-371c-4154-9b2d-06048c91a600" testId="60a2d821-d4f3-cc77-9b14-6af4a2ebe6e9" testName="LoginUserAPI.Tests.AuthControllerTests.Login_NonExistentUser_ReturnsBadRequest" computerName="cursor" duration="00:00:00.0001223" startTime="2025-07-22T11:39:04.8272999+00:00" endTime="2025-07-22T11:39:04.8272999+00:00" testType="13cdc9d9-ddb5-4fa4-a97d-d965ccfc6d4b" outcome="Passed" testListId="8c84fa94-04c1-424b-9868-57a2d4851a1d" relativeResultsDirectory="a18be09d-371c-4154-9b2d-06048c91a600" />
    <UnitTestResult executionId="b3e3ea3f-89a6-4445-a3ed-5c13ebe7ed48" testId="24afb46c-5541-bab3-6fdd-f38b4e3eec9a" testName="LoginUserAPI.Tests.ModelTests.UpdateProfileRequest_DefaultValues_AreCorrect" computerName="cursor" duration="00:00:00.0000519" startTime="2025-07-22T11:39:04.7999188+00:00" endTime="2025-07-22T11:39:04.7999189+00:00" testType="13cdc9d9-ddb5-4fa4-a97d-d965ccfc6d4b" outcome="Passed" testListId="8c84fa94-04c1-424b-9868-57a2d4851a1d" relativeResultsDirectory="b3e3ea3f-89a6-4445-a3ed-5c13ebe7ed48" />
    <UnitTestResult executionId="dc6cc6bf-b553-4496-a3e0-f50a3d5c4603" testId="7ff60b14-e3d4-22d7-b372-b2d8f1bc9eb4" testName="LoginUserAPI.Tests.AuthControllerIntegrationTests.UpdateProfile_ValidRequest_ReturnsSuccess" computerName="cursor" duration="00:00:00.0037495" startTime="2025-07-22T11:39:05.2069212+00:00" endTime="2025-07-22T11:39:05.2069213+00:00" testType="13cdc9d9-ddb5-4fa4-a97d-d965ccfc6d4b" outcome="Passed" testListId="8c84fa94-04c1-424b-9868-57a2d4851a1d" relativeResultsDirectory="dc6cc6bf-b553-4496-a3e0-f50a3d5c4603" />
    <UnitTestResult executionId="55345d7b-60ec-464b-8162-eca8caef5b7e" testId="ec831a30-3189-2ccf-8a0f-32ece83e924e" testName="LoginUserAPI.Tests.AuthControllerTests.Register_EmptyLastName_ReturnsBadRequest" computerName="cursor" duration="00:00:00.0001778" startTime="2025-07-22T11:39:04.8282861+00:00" endTime="2025-07-22T11:39:04.8282861+00:00" testType="13cdc9d9-ddb5-4fa4-a97d-d965ccfc6d4b" outcome="Passed" testListId="8c84fa94-04c1-424b-9868-57a2d4851a1d" relativeResultsDirectory="55345d7b-60ec-464b-8162-eca8caef5b7e" />
    <UnitTestResult executionId="e096d02b-140b-410a-8b9f-90358c50a0f2" testId="fcf249cf-8213-8b30-bde7-4cc90e6b3381" testName="LoginUserAPI.Tests.AuthControllerTests.GetAllUsers_EmptyList_ReturnsEmptyArray" computerName="cursor" duration="00:00:00.0011791" startTime="2025-07-22T11:39:04.8249305+00:00" endTime="2025-07-22T11:39:04.8249306+00:00" testType="13cdc9d9-ddb5-4fa4-a97d-d965ccfc6d4b" outcome="Passed" testListId="8c84fa94-04c1-424b-9868-57a2d4851a1d" relativeResultsDirectory="e096d02b-140b-410a-8b9f-90358c50a0f2" />
    <UnitTestResult executionId="6f740ab4-23e6-4153-b251-73d9a500804d" testId="bfdfdae4-9e7b-1cdd-7c44-748eb4c93efe" testName="LoginUserAPI.Tests.AuthControllerTests.Login_NullRequest_ReturnsBadRequest" computerName="cursor" duration="00:00:00.0006470" startTime="2025-07-22T11:39:04.8414191+00:00" endTime="2025-07-22T11:39:04.8414192+00:00" testType="13cdc9d9-ddb5-4fa4-a97d-d965ccfc6d4b" outcome="Failed" testListId="8c84fa94-04c1-424b-9868-57a2d4851a1d" relativeResultsDirectory="6f740ab4-23e6-4153-b251-73d9a500804d">
      <Output>
        <ErrorInfo>
          <Message>System.NullReferenceException : Object reference not set to an instance of an object.</Message>
          <StackTrace>   at LoginUserAPI.Controllers.AuthController.Login(LoginRequest request) in /workspace/login-user/backend/LoginUserAPI/Controllers/AuthController.cs:line 84
   at LoginUserAPI.Tests.AuthControllerTests.Login_NullRequest_ReturnsBadRequest() in /workspace/login-user/backend/LoginUserAPI.Tests/AuthControllerTests.cs:line 251
   at System.RuntimeMethodHandle.InvokeMethod(Object target, Void** arguments, Signature sig, Boolean isConstructor)
   at System.Reflection.MethodBaseInvoker.InvokeWithNoArgs(Object obj, BindingFlags invokeAttr)</StackTrace>
        </ErrorInfo>
      </Output>
    </UnitTestResult>
    <UnitTestResult executionId="f48f8251-12f7-4102-9ddf-0cf480b00bfb" testId="7c1b97f7-5270-f61f-4dad-087bd577c06f" testName="LoginUserAPI.Tests.AuthControllerTests.UpdateProfile_NonExistentUser_ReturnsNotFound" computerName="cursor" duration="00:00:00.0001570" startTime="2025-07-22T11:39:04.8429036+00:00" endTime="2025-07-22T11:39:04.8429037+00:00" testType="13cdc9d9-ddb5-4fa4-a97d-d965ccfc6d4b" outcome="Passed" testListId="8c84fa94-04c1-424b-9868-57a2d4851a1d" relativeResultsDirectory="f48f8251-12f7-4102-9ddf-0cf480b00bfb" />
    <UnitTestResult executionId="95af447a-4d54-4a78-9235-5773acfe67e7" testId="55fe5cd8-4ba4-8ca0-0fde-c411856fd3af" testName="LoginUserAPI.Tests.ModelTests.LoginRequest_SetProperties_WorksCorrectly" computerName="cursor" duration="00:00:00.0000358" startTime="2025-07-22T11:39:04.8051889+00:00" endTime="2025-07-22T11:39:04.8051890+00:00" testType="13cdc9d9-ddb5-4fa4-a97d-d965ccfc6d4b" outcome="Passed" testListId="8c84fa94-04c1-424b-9868-57a2d4851a1d" relativeResultsDirectory="95af447a-4d54-4a78-9235-5773acfe67e7" />
    <UnitTestResult executionId="bd0e24c8-ea8b-49c7-83e7-9025d5ffbc05" testId="3a1dfe00-d838-a884-471f-9e95e7a3df10" testName="LoginUserAPI.Tests.ModelTests.User_DefaultValues_AreCorrect" computerName="cursor" duration="00:00:00.0013611" startTime="2025-07-22T11:39:04.7652786+00:00" endTime="2025-07-22T11:39:04.7652787+00:00" testType="13cdc9d9-ddb5-4fa4-a97d-d965ccfc6d4b" outcome="Passed" testListId="8c84fa94-04c1-424b-9868-57a2d4851a1d" relativeResultsDirectory="bd0e24c8-ea8b-49c7-83e7-9025d5ffbc05" />
    <UnitTestResult executionId="e8e338ba-fc66-4ae8-a86d-f95a9a47e5a4" testId="eefae636-e025-842b-f4db-ce0fe24c7228" testName="LoginUserAPI.Tests.ModelTests.UserResponse_FromUser_MapsCorrectly" computerName="cursor" duration="00:00:00.0053140" startTime="2025-07-22T11:39:04.7642943+00:00" endTime="2025-07-22T11:39:04.7642944+00:00" testType="13cdc9d9-ddb5-4fa4-a97d-d965ccfc6d4b" outcome="Passed" testListId="8c84fa94-04c1-424b-9868-57a2d4851a1d" relativeResultsDirectory="e8e338ba-fc66-4ae8-a86d-f95a9a47e5a4" />
    <UnitTestResult executionId="dd72c15d-89c1-4df2-82e9-721a86e02291" testId="1f683a02-93a5-10e9-6675-a8aa61f55434" testName="LoginUserAPI.Tests.AuthControllerIntegrationTests.Register_InvalidRequest_ReturnsBadRequest" computerName="cursor" duration="00:00:00.4547334" startTime="2025-07-22T11:39:05.1805570+00:00" endTime="2025-07-22T11:39:05.1805571+00:00" testType="13cdc9d9-ddb5-4fa4-a97d-d965ccfc6d4b" outcome="Passed" testListId="8c84fa94-04c1-424b-9868-57a2d4851a1d" relativeResultsDirectory="dd72c15d-89c1-4df2-82e9-721a86e02291" />
    <UnitTestResult executionId="a9469946-7647-4583-9b7d-5e09e410cc94" testId="fc74a278-a618-0a6d-a674-b5f0646c8c01" testName="LoginUserAPI.Tests.ModelTests.UpdateProfileRequest_SetProperties_WorksCorrectly" computerName="cursor" duration="00:00:00.0001494" startTime="2025-07-22T11:39:04.7656107+00:00" endTime="2025-07-22T11:39:04.7656108+00:00" testType="13cdc9d9-ddb5-4fa4-a97d-d965ccfc6d4b" outcome="Passed" testListId="8c84fa94-04c1-424b-9868-57a2d4851a1d" relativeResultsDirectory="a9469946-7647-4583-9b7d-5e09e410cc94" />
    <UnitTestResult executionId="bb17395d-8452-4369-8824-95b3c8b87f93" testId="9aeab9da-e652-434f-d148-2e93f662d855" testName="LoginUserAPI.Tests.ModelTests.LoginRequest_VariousInputs_WorksCorrectly(email: &quot;test@example.com&quot;, password: &quot;password123&quot;)" computerName="cursor" duration="00:00:00.0000920" startTime="2025-07-22T11:39:04.7660432+00:00" endTime="2025-07-22T11:39:04.7660433+00:00" testType="13cdc9d9-ddb5-4fa4-a97d-d965ccfc6d4b" outcome="Passed" testListId="8c84fa94-04c1-424b-9868-57a2d4851a1d" relativeResultsDirectory="bb17395d-8452-4369-8824-95b3c8b87f93" />
    <UnitTestResult executionId="f8732057-613c-4f58-881c-cb1193854e35" testId="2550cc29-7ac7-4cd6-1bb9-d8eeddac3e22" testName="LoginUserAPI.Tests.ModelTests.RegisterRequest_VariousInputs_WorksCorrectly(email: &quot;test@example.com&quot;, password: &quot;password123&quot;, firstName: &quot;John&quot;, lastName: &quot;Doe&quot;)" computerName="cursor" duration="00:00:00.0001326" startTime="2025-07-22T11:39:04.8006751+00:00" endTime="2025-07-22T11:39:04.8006751+00:00" testType="13cdc9d9-ddb5-4fa4-a97d-d965ccfc6d4b" outcome="Passed" testListId="8c84fa94-04c1-424b-9868-57a2d4851a1d" relativeResultsDirectory="f8732057-613c-4f58-881c-cb1193854e35" />
    <UnitTestResult executionId="0f520e67-8337-42ff-b5af-ad9e49c4cb58" testId="25d41cb2-ad66-4c07-a13d-35ff1b341037" testName="LoginUserAPI.Tests.AuthControllerTests.Register_NullRequest_ReturnsBadRequest" computerName="cursor" duration="00:00:00.0000663" startTime="2025-07-22T11:39:04.8276617+00:00" endTime="2025-07-22T11:39:04.8276617+00:00" testType="13cdc9d9-ddb5-4fa4-a97d-d965ccfc6d4b" outcome="Passed" testListId="8c84fa94-04c1-424b-9868-57a2d4851a1d" relativeResultsDirectory="0f520e67-8337-42ff-b5af-ad9e49c4cb58" />
    <UnitTestResult executionId="55271b98-85d9-4f1e-b8b3-986dfb7dbc29" testId="65886fe9-0728-377c-0972-70840b879cc0" testName="LoginUserAPI.Tests.AuthControllerIntegrationTests.Register_ValidRequest_ReturnsSuccess" computerName="cursor" duration="00:00:00.0015657" startTime="2025-07-22T11:39:05.2102074+00:00" endTime="2025-07-22T11:39:05.2102075+00:00" testType="13cdc9d9-ddb5-4fa4-a97d-d965ccfc6d4b" outcome="Passed" testListId="8c84fa94-04c1-424b-9868-57a2d4851a1d" relativeResultsDirectory="55271b98-85d9-4f1e-b8b3-986dfb7dbc29" />
    <UnitTestResult executionId="d4c4c2c1-45c1-4c61-a290-1740530fd2a3" testId="efd2b5e5-d353-3b18-0d16-f0335af8c7c7" testName="LoginUserAPI.Tests.AuthControllerTests.Login_EmptyPassword_ReturnsBadRequest" computerName="cursor" duration="00:00:00.0001297" startTime="2025-07-22T11:39:04.8461932+00:00" endTime="2025-07-22T11:39:04.8461933+00:00" testType="13cdc9d9-ddb5-4fa4-a97d-d965ccfc6d4b" outcome="Passed" testListId="8c84fa94-04c1-424b-9868-57a2d4851a1d" relativeResultsDirectory="d4c4c2c1-45c1-4c61-a290-1740530fd2a3" />
    <UnitTestResult executionId="b60e5ad4-3898-4771-8d98-f3ea5e71fc4c" testId="3dfa2ae3-b559-2604-c84f-6f4008b379d7" testName="LoginUserAPI.Tests.AuthControllerTests.Register_ValidRequest_ReturnsOkResult" computerName="cursor" duration="00:00:00.0003799" startTime="2025-07-22T11:39:04.8253298+00:00" endTime="2025-07-22T11:39:04.8253298+00:00" testType="13cdc9d9-ddb5-4fa4-a97d-d965ccfc6d4b" outcome="Passed" testListId="8c84fa94-04c1-424b-9868-57a2d4851a1d" relativeResultsDirectory="b60e5ad4-3898-4771-8d98-f3ea5e71fc4c" />
    <UnitTestResult executionId="c0c58405-91e3-413c-b87b-02872232fbab" testId="a1221ca2-1b8f-f11a-4614-b47fd795039a" testName="LoginUserAPI.Tests.AuthControllerTests.GetAllUsers_WithUsers_ReturnsUserList" computerName="cursor" duration="00:00:00.0953306" startTime="2025-07-22T11:39:04.8192745+00:00" endTime="2025-07-22T11:39:04.8192746+00:00" testType="13cdc9d9-ddb5-4fa4-a97d-d965ccfc6d4b" outcome="Passed" testListId="8c84fa94-04c1-424b-9868-57a2d4851a1d" relativeResultsDirectory="c0c58405-91e3-413c-b87b-02872232fbab" />
    <UnitTestResult executionId="2fc8a361-ec77-4756-9501-d840812c2e23" testId="a2ac3000-3496-c154-6505-37d5bfe315d0" testName="LoginUserAPI.Tests.ModelTests.UserResponse_DefaultValues_AreCorrect" computerName="cursor" duration="00:00:00.0000419" startTime="2025-07-22T11:39:04.8045559+00:00" endTime="2025-07-22T11:39:04.8045560+00:00" testType="13cdc9d9-ddb5-4fa4-a97d-d965ccfc6d4b" outcome="Passed" testListId="8c84fa94-04c1-424b-9868-57a2d4851a1d" relativeResultsDirectory="2fc8a361-ec77-4756-9501-d840812c2e23" />
    <UnitTestResult executionId="f447326b-bb26-4b80-94ce-497dffac261d" testId="7a8d0a09-3cbb-1169-56b3-d6cf4dcbfa86" testName="LoginUserAPI.Tests.AuthControllerIntegrationTests.UpdateProfile_NonExistentUser_ReturnsNotFound" computerName="cursor" duration="00:00:00.0057868" startTime="2025-07-22T11:39:05.1987716+00:00" endTime="2025-07-22T11:39:05.1987717+00:00" testType="13cdc9d9-ddb5-4fa4-a97d-d965ccfc6d4b" outcome="Passed" testListId="8c84fa94-04c1-424b-9868-57a2d4851a1d" relativeResultsDirectory="f447326b-bb26-4b80-94ce-497dffac261d" />
    <UnitTestResult executionId="c8826d63-3dea-44d9-a57d-aab60f426d89" testId="15a180c4-9b96-5181-adb3-242c4afc51d8" testName="LoginUserAPI.Tests.AuthControllerTests.Login_CaseInsensitiveEmail_ReturnsOkResult" computerName="cursor" duration="00:00:00.0027200" startTime="2025-07-22T11:39:04.8223680+00:00" endTime="2025-07-22T11:39:04.8223681+00:00" testType="13cdc9d9-ddb5-4fa4-a97d-d965ccfc6d4b" outcome="Passed" testListId="8c84fa94-04c1-424b-9868-57a2d4851a1d" relativeResultsDirectory="c8826d63-3dea-44d9-a57d-aab60f426d89" />
    <UnitTestResult executionId="d90148d3-0c31-4bbf-a78e-6e5eaebd4f23" testId="9f4a22b0-e53d-af5d-ce9f-302cb266e81f" testName="LoginUserAPI.Tests.AuthControllerTests.UpdateProfile_NullRequest_ReturnsBadRequest" computerName="cursor" duration="00:00:00.0014345" startTime="2025-07-22T11:39:04.8445493+00:00" endTime="2025-07-22T11:39:04.8445495+00:00" testType="13cdc9d9-ddb5-4fa4-a97d-d965ccfc6d4b" outcome="Failed" testListId="8c84fa94-04c1-424b-9868-57a2d4851a1d" relativeResultsDirectory="d90148d3-0c31-4bbf-a78e-6e5eaebd4f23">
      <Output>
        <ErrorInfo>
          <Message>Assert.IsType() Failure: Value is not the exact type
Expected: typeof(Microsoft.AspNetCore.Mvc.BadRequestObjectResult)
Actual:   typeof(Microsoft.AspNetCore.Mvc.NotFoundObjectResult)</Message>
          <StackTrace>   at LoginUserAPI.Tests.AuthControllerTests.UpdateProfile_NullRequest_ReturnsBadRequest() in /workspace/login-user/backend/LoginUserAPI.Tests/AuthControllerTests.cs:line 452
   at System.RuntimeMethodHandle.InvokeMethod(Object target, Void** arguments, Signature sig, Boolean isConstructor)
   at System.Reflection.MethodBaseInvoker.InvokeWithNoArgs(Object obj, BindingFlags invokeAttr)</StackTrace>
        </ErrorInfo>
      </Output>
    </UnitTestResult>
    <UnitTestResult executionId="26ca27bf-5d6c-430c-8b64-9cbcef793822" testId="c9501e7c-44b5-cdc3-2216-0670e2ff49d9" testName="LoginUserAPI.Tests.AuthControllerTests.Register_DuplicateEmailCaseInsensitive_ReturnsBadRequest" computerName="cursor" duration="00:00:00.0006091" startTime="2025-07-22T11:39:04.8238235+00:00" endTime="2025-07-22T11:39:04.8238236+00:00" testType="13cdc9d9-ddb5-4fa4-a97d-d965ccfc6d4b" outcome="Passed" testListId="8c84fa94-04c1-424b-9868-57a2d4851a1d" relativeResultsDirectory="26ca27bf-5d6c-430c-8b64-9cbcef793822" />
    <UnitTestResult executionId="525d741c-48e9-4896-be26-1fda8705f676" testId="122d19cc-3ca1-eb3f-9f6c-8dd278c27616" testName="LoginUserAPI.Tests.AuthControllerIntegrationTests.HealthCheck_ReturnsSuccess" computerName="cursor" duration="00:00:00.0117973" startTime="2025-07-22T11:39:05.1928795+00:00" endTime="2025-07-22T11:39:05.1928796+00:00" testType="13cdc9d9-ddb5-4fa4-a97d-d965ccfc6d4b" outcome="Passed" testListId="8c84fa94-04c1-424b-9868-57a2d4851a1d" relativeResultsDirectory="525d741c-48e9-4896-be26-1fda8705f676" />
    <UnitTestResult executionId="81a7b6bc-9487-48f5-8ecb-0c081f0082fa" testId="8a9c6e33-bbb6-595b-4c75-4bf777155dc0" testName="LoginUserAPI.Tests.AuthControllerTests.Register_MultipleUsers_AssignsIncrementalIds" computerName="cursor" duration="00:00:00.0002433" startTime="2025-07-22T11:39:04.8471158+00:00" endTime="2025-07-22T11:39:04.8471159+00:00" testType="13cdc9d9-ddb5-4fa4-a97d-d965ccfc6d4b" outcome="Passed" testListId="8c84fa94-04c1-424b-9868-57a2d4851a1d" relativeResultsDirectory="81a7b6bc-9487-48f5-8ecb-0c081f0082fa" />
    <UnitTestResult executionId="3e3b96c9-18bf-48ca-8473-aef673eee17f" testId="104fcd3c-dbc8-6fa1-7bb0-50e9e6565be4" testName="LoginUserAPI.Tests.AuthControllerTests.UpdateProfile_ValidRequest_ReturnsOkResult" computerName="cursor" duration="00:00:00.0005079" startTime="2025-07-22T11:39:04.8263284+00:00" endTime="2025-07-22T11:39:04.8263285+00:00" testType="13cdc9d9-ddb5-4fa4-a97d-d965ccfc6d4b" outcome="Passed" testListId="8c84fa94-04c1-424b-9868-57a2d4851a1d" relativeResultsDirectory="3e3b96c9-18bf-48ca-8473-aef673eee17f" />
    <UnitTestResult executionId="301759ec-0bc5-4c04-a151-27f777b6a068" testId="db1d10cb-c9e6-92bf-5440-b3b3a02863f7" testName="LoginUserAPI.Tests.AuthControllerTests.Register_EmptyPassword_ReturnsBadRequest" computerName="cursor" duration="00:00:00.0001022" startTime="2025-07-22T11:39:04.8286224+00:00" endTime="2025-07-22T11:39:04.8286224+00:00" testType="13cdc9d9-ddb5-4fa4-a97d-d965ccfc6d4b" outcome="Passed" testListId="8c84fa94-04c1-424b-9868-57a2d4851a1d" relativeResultsDirectory="301759ec-0bc5-4c04-a151-27f777b6a068" />
    <UnitTestResult executionId="a8795e73-13db-4f5d-8e54-abcc606ba4ab" testId="b5768c06-b155-b4e8-6e93-81c1bcb733d6" testName="LoginUserAPI.Tests.ModelTests.UpdateProfileRequest_VariousInputs_WorksCorrectly(firstName: &quot;Admin&quot;, lastName: &quot;User&quot;)" computerName="cursor" duration="00:00:00.0000536" startTime="2025-07-22T11:39:04.8013269+00:00" endTime="2025-07-22T11:39:04.8013269+00:00" testType="13cdc9d9-ddb5-4fa4-a97d-d965ccfc6d4b" outcome="Passed" testListId="8c84fa94-04c1-424b-9868-57a2d4851a1d" relativeResultsDirectory="a8795e73-13db-4f5d-8e54-abcc606ba4ab" />
    <UnitTestResult executionId="c525e028-4d19-4942-aec1-00c387134e75" testId="34bafbc7-fb19-a710-13da-e691742ae730" testName="LoginUserAPI.Tests.AuthControllerTests.Register_EmptyFirstName_ReturnsBadRequest" computerName="cursor" duration="00:00:00.0002220" startTime="2025-07-22T11:39:04.8459035+00:00" endTime="2025-07-22T11:39:04.8459036+00:00" testType="13cdc9d9-ddb5-4fa4-a97d-d965ccfc6d4b" outcome="Passed" testListId="8c84fa94-04c1-424b-9868-57a2d4851a1d" relativeResultsDirectory="c525e028-4d19-4942-aec1-00c387134e75" />
    <UnitTestResult executionId="ab7b6774-a988-46ad-ab41-6789d511e29c" testId="0ebc68e4-1c08-c265-c29c-d7f19e0e5c2d" testName="LoginUserAPI.Tests.AuthControllerTests.Register_DuplicateEmail_ReturnsBadRequest" computerName="cursor" duration="00:00:00.0002768" startTime="2025-07-22T11:39:04.8259677+00:00" endTime="2025-07-22T11:39:04.8259678+00:00" testType="13cdc9d9-ddb5-4fa4-a97d-d965ccfc6d4b" outcome="Passed" testListId="8c84fa94-04c1-424b-9868-57a2d4851a1d" relativeResultsDirectory="ab7b6774-a988-46ad-ab41-6789d511e29c" />
    <UnitTestResult executionId="e228c809-4367-426b-ae63-3bfa22218957" testId="946dd1cb-e0f0-962e-49f1-5c166d4adb96" testName="LoginUserAPI.Tests.ModelTests.LoginRequest_VariousInputs_WorksCorrectly(email: &quot;admin@company.net&quot;, password: &quot;admin123&quot;)" computerName="cursor" duration="00:00:00.0001461" startTime="2025-07-22T11:39:04.7663787+00:00" endTime="2025-07-22T11:39:04.7663787+00:00" testType="13cdc9d9-ddb5-4fa4-a97d-d965ccfc6d4b" outcome="Passed" testListId="8c84fa94-04c1-424b-9868-57a2d4851a1d" relativeResultsDirectory="e228c809-4367-426b-ae63-3bfa22218957" />
    <UnitTestResult executionId="ed90de74-7bd2-4a19-9e5b-970175a54ddc" testId="b7ff0544-5833-9bd0-40f7-a262c043b00e" testName="LoginUserAPI.Tests.AuthControllerIntegrationTests.EndToEndUserFlow_RegisterLoginUpdateProfile_Success" computerName="cursor" duration="00:00:00.0025848" startTime="2025-07-22T11:39:05.2182900+00:00" endTime="2025-07-22T11:39:05.2182901+00:00" testType="13cdc9d9-ddb5-4fa4-a97d-d965ccfc6d4b" outcome="Passed" testListId="8c84fa94-04c1-424b-9868-57a2d4851a1d" relativeResultsDirectory="ed90de74-7bd2-4a19-9e5b-970175a54ddc" />
    <UnitTestResult executionId="7157f0b7-fa1f-4a79-9e2a-502875dea171" testId="2afddba3-2be7-b882-fb42-c5bea2f6a55b" testName="LoginUserAPI.Tests.AuthControllerTests.Login_ValidCredentials_ReturnsOkResult" computerName="cursor" duration="00:00:00.0002412" startTime="2025-07-22T11:39:04.8423182+00:00" endTime="2025-07-22T11:39:04.8423182+00:00" testType="13cdc9d9-ddb5-4fa4-a97d-d965ccfc6d4b" outcome="Passed" testListId="8c84fa94-04c1-424b-9868-57a2d4851a1d" relativeResultsDirectory="7157f0b7-fa1f-4a79-9e2a-502875dea171" />
    <UnitTestResult executionId="b0a8a463-919b-4588-9f3d-3c2e3c1a94ae" testId="050789db-d758-acd6-21f9-a71b1eb7a5f2" testName="LoginUserAPI.Tests.ModelTests.RegisterRequest_VariousInputs_WorksCorrectly(email: &quot;user@domain.org&quot;, password: &quot;secret&quot;, firstName: &quot;Jane&quot;, lastName: &quot;Smith&quot;)" computerName="cursor" duration="00:00:00.0000032" startTime="2025-07-22T11:39:04.8010080+00:00" endTime="2025-07-22T11:39:04.8010081+00:00" testType="13cdc9d9-ddb5-4fa4-a97d-d965ccfc6d4b" outcome="Passed" testListId="8c84fa94-04c1-424b-9868-57a2d4851a1d" relativeResultsDirectory="b0a8a463-919b-4588-9f3d-3c2e3c1a94ae" />
    <UnitTestResult executionId="0d7cb3a2-728b-4604-9f30-068817a84fb8" testId="06ac2f45-63f5-136e-d4fc-ea226b4e3571" testName="LoginUserAPI.Tests.ModelTests.User_SetProperties_WorksCorrectly" computerName="cursor" duration="00:00:00.0000508" startTime="2025-07-22T11:39:04.8042320+00:00" endTime="2025-07-22T11:39:04.8042321+00:00" testType="13cdc9d9-ddb5-4fa4-a97d-d965ccfc6d4b" outcome="Passed" testListId="8c84fa94-04c1-424b-9868-57a2d4851a1d" relativeResultsDirectory="0d7cb3a2-728b-4604-9f30-068817a84fb8" />
    <UnitTestResult executionId="f948c003-f5e2-4ba1-af43-7f937a5e49a8" testId="c2f89f0e-6426-9e39-7c55-983fe9b4f66f" testName="LoginUserAPI.Tests.ModelTests.RegisterRequest_VariousInputs_WorksCorrectly(email: &quot;admin@company.net&quot;, password: &quot;admin123&quot;, firstName: &quot;Admin&quot;, lastName: &quot;User&quot;)" computerName="cursor" duration="00:00:00.0002376" startTime="2025-07-22T11:39:04.8003613+00:00" endTime="2025-07-22T11:39:04.8003613+00:00" testType="13cdc9d9-ddb5-4fa4-a97d-d965ccfc6d4b" outcome="Passed" testListId="8c84fa94-04c1-424b-9868-57a2d4851a1d" relativeResultsDirectory="f948c003-f5e2-4ba1-af43-7f937a5e49a8" />
    <UnitTestResult executionId="f519914f-aafa-4c3f-96c5-66ec36d87e65" testId="4ec23aab-966d-d71d-bc28-0f4db9b39fb0" testName="LoginUserAPI.Tests.ModelTests.RegisterRequest_SetProperties_WorksCorrectly" computerName="cursor" duration="00:00:00.0000501" startTime="2025-07-22T11:39:04.8025192+00:00" endTime="2025-07-22T11:39:04.8025192+00:00" testType="13cdc9d9-ddb5-4fa4-a97d-d965ccfc6d4b" outcome="Passed" testListId="8c84fa94-04c1-424b-9868-57a2d4851a1d" relativeResultsDirectory="f519914f-aafa-4c3f-96c5-66ec36d87e65" />
  </Results>
  <TestDefinitions>
    <UnitTest name="LoginUserAPI.Tests.AuthControllerIntegrationTests.GetAllUsers_ReturnsSuccess" storage="/workspace/login-user/backend/loginuserapi.tests/bin/debug/net8.0/loginuserapi.tests.dll" id="0b8755a0-d4b6-2c4e-afba-943b8094fc2c">
      <Execution id="d85f9f13-3fbf-4088-a599-4b327d24eaaa" />
      <TestMethod codeBase="/workspace/login-user/backend/LoginUserAPI.Tests/bin/Debug/net8.0/LoginUserAPI.Tests.dll" adapterTypeName="executor://xunit/VsTestRunner2/netcoreapp" className="LoginUserAPI.Tests.AuthControllerIntegrationTests" name="GetAllUsers_ReturnsSuccess" />
    </UnitTest>
    <UnitTest name="LoginUserAPI.Tests.AuthControllerTests.GetAllUsers_WithUsers_ReturnsUserList" storage="/workspace/login-user/backend/loginuserapi.tests/bin/debug/net8.0/loginuserapi.tests.dll" id="a1221ca2-1b8f-f11a-4614-b47fd795039a">
      <Execution id="c0c58405-91e3-413c-b87b-02872232fbab" />
      <TestMethod codeBase="/workspace/login-user/backend/LoginUserAPI.Tests/bin/Debug/net8.0/LoginUserAPI.Tests.dll" adapterTypeName="executor://xunit/VsTestRunner2/netcoreapp" className="LoginUserAPI.Tests.AuthControllerTests" name="GetAllUsers_WithUsers_ReturnsUserList" />
    </UnitTest>
    <UnitTest name="LoginUserAPI.Tests.AuthControllerTests.Login_EmptyPassword_ReturnsBadRequest" storage="/workspace/login-user/backend/loginuserapi.tests/bin/debug/net8.0/loginuserapi.tests.dll" id="efd2b5e5-d353-3b18-0d16-f0335af8c7c7">
      <Execution id="d4c4c2c1-45c1-4c61-a290-1740530fd2a3" />
      <TestMethod codeBase="/workspace/login-user/backend/LoginUserAPI.Tests/bin/Debug/net8.0/LoginUserAPI.Tests.dll" adapterTypeName="executor://xunit/VsTestRunner2/netcoreapp" className="LoginUserAPI.Tests.AuthControllerTests" name="Login_EmptyPassword_ReturnsBadRequest" />
    </UnitTest>
    <UnitTest name="LoginUserAPI.Tests.ModelTests.LoginRequest_SetProperties_WorksCorrectly" storage="/workspace/login-user/backend/loginuserapi.tests/bin/debug/net8.0/loginuserapi.tests.dll" id="55fe5cd8-4ba4-8ca0-0fde-c411856fd3af">
      <Execution id="95af447a-4d54-4a78-9235-5773acfe67e7" />
      <TestMethod codeBase="/workspace/login-user/backend/LoginUserAPI.Tests/bin/Debug/net8.0/LoginUserAPI.Tests.dll" adapterTypeName="executor://xunit/VsTestRunner2/netcoreapp" className="LoginUserAPI.Tests.ModelTests" name="LoginRequest_SetProperties_WorksCorrectly" />
    </UnitTest>
    <UnitTest name="LoginUserAPI.Tests.AuthControllerTests.Login_CaseInsensitiveEmail_ReturnsOkResult" storage="/workspace/login-user/backend/loginuserapi.tests/bin/debug/net8.0/loginuserapi.tests.dll" id="15a180c4-9b96-5181-adb3-242c4afc51d8">
      <Execution id="c8826d63-3dea-44d9-a57d-aab60f426d89" />
      <TestMethod codeBase="/workspace/login-user/backend/LoginUserAPI.Tests/bin/Debug/net8.0/LoginUserAPI.Tests.dll" adapterTypeName="executor://xunit/VsTestRunner2/netcoreapp" className="LoginUserAPI.Tests.AuthControllerTests" name="Login_CaseInsensitiveEmail_ReturnsOkResult" />
    </UnitTest>
    <UnitTest name="LoginUserAPI.Tests.AuthControllerTests.Register_EmptyPassword_ReturnsBadRequest" storage="/workspace/login-user/backend/loginuserapi.tests/bin/debug/net8.0/loginuserapi.tests.dll" id="db1d10cb-c9e6-92bf-5440-b3b3a02863f7">
      <Execution id="301759ec-0bc5-4c04-a151-27f777b6a068" />
      <TestMethod codeBase="/workspace/login-user/backend/LoginUserAPI.Tests/bin/Debug/net8.0/LoginUserAPI.Tests.dll" adapterTypeName="executor://xunit/VsTestRunner2/netcoreapp" className="LoginUserAPI.Tests.AuthControllerTests" name="Register_EmptyPassword_ReturnsBadRequest" />
    </UnitTest>
    <UnitTest name="LoginUserAPI.Tests.ModelTests.LoginRequest_VariousInputs_WorksCorrectly(email: &quot;user@domain.org&quot;, password: &quot;secret&quot;)" storage="/workspace/login-user/backend/loginuserapi.tests/bin/debug/net8.0/loginuserapi.tests.dll" id="d65bd58f-977e-c4ce-6077-c2d3655d3245">
      <Execution id="92dbeca4-7882-446d-8997-5503f8b92fe9" />
      <TestMethod codeBase="/workspace/login-user/backend/LoginUserAPI.Tests/bin/Debug/net8.0/LoginUserAPI.Tests.dll" adapterTypeName="executor://xunit/VsTestRunner2/netcoreapp" className="LoginUserAPI.Tests.ModelTests" name="LoginRequest_VariousInputs_WorksCorrectly" />
    </UnitTest>
    <UnitTest name="LoginUserAPI.Tests.AuthControllerTests.Register_EmptyFirstName_ReturnsBadRequest" storage="/workspace/login-user/backend/loginuserapi.tests/bin/debug/net8.0/loginuserapi.tests.dll" id="34bafbc7-fb19-a710-13da-e691742ae730">
      <Execution id="c525e028-4d19-4942-aec1-00c387134e75" />
      <TestMethod codeBase="/workspace/login-user/backend/LoginUserAPI.Tests/bin/Debug/net8.0/LoginUserAPI.Tests.dll" adapterTypeName="executor://xunit/VsTestRunner2/netcoreapp" className="LoginUserAPI.Tests.AuthControllerTests" name="Register_EmptyFirstName_ReturnsBadRequest" />
    </UnitTest>
    <UnitTest name="LoginUserAPI.Tests.AuthControllerTests.Register_MultipleUsers_AssignsIncrementalIds" storage="/workspace/login-user/backend/loginuserapi.tests/bin/debug/net8.0/loginuserapi.tests.dll" id="8a9c6e33-bbb6-595b-4c75-4bf777155dc0">
      <Execution id="81a7b6bc-9487-48f5-8ecb-0c081f0082fa" />
      <TestMethod codeBase="/workspace/login-user/backend/LoginUserAPI.Tests/bin/Debug/net8.0/LoginUserAPI.Tests.dll" adapterTypeName="executor://xunit/VsTestRunner2/netcoreapp" className="LoginUserAPI.Tests.AuthControllerTests" name="Register_MultipleUsers_AssignsIncrementalIds" />
    </UnitTest>
    <UnitTest name="LoginUserAPI.Tests.ModelTests.UpdateProfileRequest_VariousInputs_WorksCorrectly(firstName: &quot;Admin&quot;, lastName: &quot;User&quot;)" storage="/workspace/login-user/backend/loginuserapi.tests/bin/debug/net8.0/loginuserapi.tests.dll" id="b5768c06-b155-b4e8-6e93-81c1bcb733d6">
      <Execution id="a8795e73-13db-4f5d-8e54-abcc606ba4ab" />
      <TestMethod codeBase="/workspace/login-user/backend/LoginUserAPI.Tests/bin/Debug/net8.0/LoginUserAPI.Tests.dll" adapterTypeName="executor://xunit/VsTestRunner2/netcoreapp" className="LoginUserAPI.Tests.ModelTests" name="UpdateProfileRequest_VariousInputs_WorksCorrectly" />
    </UnitTest>
    <UnitTest name="LoginUserAPI.Tests.AuthControllerTests.Register_NullRequest_ReturnsBadRequest" storage="/workspace/login-user/backend/loginuserapi.tests/bin/debug/net8.0/loginuserapi.tests.dll" id="25d41cb2-ad66-4c07-a13d-35ff1b341037">
      <Execution id="0f520e67-8337-42ff-b5af-ad9e49c4cb58" />
      <TestMethod codeBase="/workspace/login-user/backend/LoginUserAPI.Tests/bin/Debug/net8.0/LoginUserAPI.Tests.dll" adapterTypeName="executor://xunit/VsTestRunner2/netcoreapp" className="LoginUserAPI.Tests.AuthControllerTests" name="Register_NullRequest_ReturnsBadRequest" />
    </UnitTest>
    <UnitTest name="LoginUserAPI.Tests.ModelTests.UpdateProfileRequest_SetProperties_WorksCorrectly" storage="/workspace/login-user/backend/loginuserapi.tests/bin/debug/net8.0/loginuserapi.tests.dll" id="fc74a278-a618-0a6d-a674-b5f0646c8c01">
      <Execution id="a9469946-7647-4583-9b7d-5e09e410cc94" />
      <TestMethod codeBase="/workspace/login-user/backend/LoginUserAPI.Tests/bin/Debug/net8.0/LoginUserAPI.Tests.dll" adapterTypeName="executor://xunit/VsTestRunner2/netcoreapp" className="LoginUserAPI.Tests.ModelTests" name="UpdateProfileRequest_SetProperties_WorksCorrectly" />
    </UnitTest>
    <UnitTest name="LoginUserAPI.Tests.AuthControllerIntegrationTests.Register_InvalidRequest_ReturnsBadRequest" storage="/workspace/login-user/backend/loginuserapi.tests/bin/debug/net8.0/loginuserapi.tests.dll" id="1f683a02-93a5-10e9-6675-a8aa61f55434">
      <Execution id="dd72c15d-89c1-4df2-82e9-721a86e02291" />
      <TestMethod codeBase="/workspace/login-user/backend/LoginUserAPI.Tests/bin/Debug/net8.0/LoginUserAPI.Tests.dll" adapterTypeName="executor://xunit/VsTestRunner2/netcoreapp" className="LoginUserAPI.Tests.AuthControllerIntegrationTests" name="Register_InvalidRequest_ReturnsBadRequest" />
    </UnitTest>
    <UnitTest name="LoginUserAPI.Tests.ModelTests.RegisterRequest_VariousInputs_WorksCorrectly(email: &quot;test@example.com&quot;, password: &quot;password123&quot;, firstName: &quot;John&quot;, lastName: &quot;Doe&quot;)" storage="/workspace/login-user/backend/loginuserapi.tests/bin/debug/net8.0/loginuserapi.tests.dll" id="2550cc29-7ac7-4cd6-1bb9-d8eeddac3e22">
      <Execution id="f8732057-613c-4f58-881c-cb1193854e35" />
      <TestMethod codeBase="/workspace/login-user/backend/LoginUserAPI.Tests/bin/Debug/net8.0/LoginUserAPI.Tests.dll" adapterTypeName="executor://xunit/VsTestRunner2/netcoreapp" className="LoginUserAPI.Tests.ModelTests" name="RegisterRequest_VariousInputs_WorksCorrectly" />
    </UnitTest>
    <UnitTest name="LoginUserAPI.Tests.AuthControllerIntegrationTests.Login_InvalidCredentials_ReturnsBadRequest" storage="/workspace/login-user/backend/loginuserapi.tests/bin/debug/net8.0/loginuserapi.tests.dll" id="8d977e16-e184-3e4b-22d7-880ff7648c1d">
      <Execution id="5a97bb2c-b56c-4af6-a710-6366e4eb2ee3" />
      <TestMethod codeBase="/workspace/login-user/backend/LoginUserAPI.Tests/bin/Debug/net8.0/LoginUserAPI.Tests.dll" adapterTypeName="executor://xunit/VsTestRunner2/netcoreapp" className="LoginUserAPI.Tests.AuthControllerIntegrationTests" name="Login_InvalidCredentials_ReturnsBadRequest" />
    </UnitTest>
    <UnitTest name="LoginUserAPI.Tests.AuthControllerTests.GetAllUsers_EmptyList_ReturnsEmptyArray" storage="/workspace/login-user/backend/loginuserapi.tests/bin/debug/net8.0/loginuserapi.tests.dll" id="fcf249cf-8213-8b30-bde7-4cc90e6b3381">
      <Execution id="e096d02b-140b-410a-8b9f-90358c50a0f2" />
      <TestMethod codeBase="/workspace/login-user/backend/LoginUserAPI.Tests/bin/Debug/net8.0/LoginUserAPI.Tests.dll" adapterTypeName="executor://xunit/VsTestRunner2/netcoreapp" className="LoginUserAPI.Tests.AuthControllerTests" name="GetAllUsers_EmptyList_ReturnsEmptyArray" />
    </UnitTest>
    <UnitTest name="LoginUserAPI.Tests.ModelTests.RegisterRequest_SetProperties_WorksCorrectly" storage="/workspace/login-user/backend/loginuserapi.tests/bin/debug/net8.0/loginuserapi.tests.dll" id="4ec23aab-966d-d71d-bc28-0f4db9b39fb0">
      <Execution id="f519914f-aafa-4c3f-96c5-66ec36d87e65" />
      <TestMethod codeBase="/workspace/login-user/backend/LoginUserAPI.Tests/bin/Debug/net8.0/LoginUserAPI.Tests.dll" adapterTypeName="executor://xunit/VsTestRunner2/netcoreapp" className="LoginUserAPI.Tests.ModelTests" name="RegisterRequest_SetProperties_WorksCorrectly" />
    </UnitTest>
    <UnitTest name="LoginUserAPI.Tests.ModelTests.User_SetProperties_WorksCorrectly" storage="/workspace/login-user/backend/loginuserapi.tests/bin/debug/net8.0/loginuserapi.tests.dll" id="06ac2f45-63f5-136e-d4fc-ea226b4e3571">
      <Execution id="0d7cb3a2-728b-4604-9f30-068817a84fb8" />
      <TestMethod codeBase="/workspace/login-user/backend/LoginUserAPI.Tests/bin/Debug/net8.0/LoginUserAPI.Tests.dll" adapterTypeName="executor://xunit/VsTestRunner2/netcoreapp" className="LoginUserAPI.Tests.ModelTests" name="User_SetProperties_WorksCorrectly" />
    </UnitTest>
    <UnitTest name="LoginUserAPI.Tests.ModelTests.RegisterRequest_VariousInputs_WorksCorrectly(email: &quot;admin@company.net&quot;, password: &quot;admin123&quot;, firstName: &quot;Admin&quot;, lastName: &quot;User&quot;)" storage="/workspace/login-user/backend/loginuserapi.tests/bin/debug/net8.0/loginuserapi.tests.dll" id="c2f89f0e-6426-9e39-7c55-983fe9b4f66f">
      <Execution id="f948c003-f5e2-4ba1-af43-7f937a5e49a8" />
      <TestMethod codeBase="/workspace/login-user/backend/LoginUserAPI.Tests/bin/Debug/net8.0/LoginUserAPI.Tests.dll" adapterTypeName="executor://xunit/VsTestRunner2/netcoreapp" className="LoginUserAPI.Tests.ModelTests" name="RegisterRequest_VariousInputs_WorksCorrectly" />
    </UnitTest>
    <UnitTest name="LoginUserAPI.Tests.ModelTests.User_DefaultValues_AreCorrect" storage="/workspace/login-user/backend/loginuserapi.tests/bin/debug/net8.0/loginuserapi.tests.dll" id="3a1dfe00-d838-a884-471f-9e95e7a3df10">
      <Execution id="bd0e24c8-ea8b-49c7-83e7-9025d5ffbc05" />
      <TestMethod codeBase="/workspace/login-user/backend/LoginUserAPI.Tests/bin/Debug/net8.0/LoginUserAPI.Tests.dll" adapterTypeName="executor://xunit/VsTestRunner2/netcoreapp" className="LoginUserAPI.Tests.ModelTests" name="User_DefaultValues_AreCorrect" />
    </UnitTest>
    <UnitTest name="LoginUserAPI.Tests.ModelTests.UpdateProfileRequest_DefaultValues_AreCorrect" storage="/workspace/login-user/backend/loginuserapi.tests/bin/debug/net8.0/loginuserapi.tests.dll" id="24afb46c-5541-bab3-6fdd-f38b4e3eec9a">
      <Execution id="b3e3ea3f-89a6-4445-a3ed-5c13ebe7ed48" />
      <TestMethod codeBase="/workspace/login-user/backend/LoginUserAPI.Tests/bin/Debug/net8.0/LoginUserAPI.Tests.dll" adapterTypeName="executor://xunit/VsTestRunner2/netcoreapp" className="LoginUserAPI.Tests.ModelTests" name="UpdateProfileRequest_DefaultValues_AreCorrect" />
    </UnitTest>
    <UnitTest name="LoginUserAPI.Tests.AuthControllerIntegrationTests.Register_ValidRequest_ReturnsSuccess" storage="/workspace/login-user/backend/loginuserapi.tests/bin/debug/net8.0/loginuserapi.tests.dll" id="65886fe9-0728-377c-0972-70840b879cc0">
      <Execution id="55271b98-85d9-4f1e-b8b3-986dfb7dbc29" />
      <TestMethod codeBase="/workspace/login-user/backend/LoginUserAPI.Tests/bin/Debug/net8.0/LoginUserAPI.Tests.dll" adapterTypeName="executor://xunit/VsTestRunner2/netcoreapp" className="LoginUserAPI.Tests.AuthControllerIntegrationTests" name="Register_ValidRequest_ReturnsSuccess" />
    </UnitTest>
    <UnitTest name="LoginUserAPI.Tests.AuthControllerTests.Login_ValidCredentials_ReturnsOkResult" storage="/workspace/login-user/backend/loginuserapi.tests/bin/debug/net8.0/loginuserapi.tests.dll" id="2afddba3-2be7-b882-fb42-c5bea2f6a55b">
      <Execution id="7157f0b7-fa1f-4a79-9e2a-502875dea171" />
      <TestMethod codeBase="/workspace/login-user/backend/LoginUserAPI.Tests/bin/Debug/net8.0/LoginUserAPI.Tests.dll" adapterTypeName="executor://xunit/VsTestRunner2/netcoreapp" className="LoginUserAPI.Tests.AuthControllerTests" name="Login_ValidCredentials_ReturnsOkResult" />
    </UnitTest>
    <UnitTest name="LoginUserAPI.Tests.ModelTests.RegisterRequest_DefaultValues_AreCorrect" storage="/workspace/login-user/backend/loginuserapi.tests/bin/debug/net8.0/loginuserapi.tests.dll" id="b93153ab-798b-fed9-906e-7dad852e5b86">
      <Execution id="f183ee88-07b5-4787-a444-9e1c25299b58" />
      <TestMethod codeBase="/workspace/login-user/backend/LoginUserAPI.Tests/bin/Debug/net8.0/LoginUserAPI.Tests.dll" adapterTypeName="executor://xunit/VsTestRunner2/netcoreapp" className="LoginUserAPI.Tests.ModelTests" name="RegisterRequest_DefaultValues_AreCorrect" />
    </UnitTest>
    <UnitTest name="LoginUserAPI.Tests.AuthControllerTests.Register_EmptyEmail_ReturnsBadRequest" storage="/workspace/login-user/backend/loginuserapi.tests/bin/debug/net8.0/loginuserapi.tests.dll" id="731bf6dc-2ae4-6fbc-a209-9a4e188d7d3e">
      <Execution id="eee8f75c-cc8f-437b-a9ee-c014cb0f8114" />
      <TestMethod codeBase="/workspace/login-user/backend/LoginUserAPI.Tests/bin/Debug/net8.0/LoginUserAPI.Tests.dll" adapterTypeName="executor://xunit/VsTestRunner2/netcoreapp" className="LoginUserAPI.Tests.AuthControllerTests" name="Register_EmptyEmail_ReturnsBadRequest" />
    </UnitTest>
    <UnitTest name="LoginUserAPI.Tests.AuthControllerTests.HealthCheck_ReturnsOkResult" storage="/workspace/login-user/backend/loginuserapi.tests/bin/debug/net8.0/loginuserapi.tests.dll" id="6c20981b-8fb1-04a9-7ce4-3a3dc2dddcd3">
      <Execution id="57ad0efa-0429-4c2c-a528-82b0e9d5f932" />
      <TestMethod codeBase="/workspace/login-user/backend/LoginUserAPI.Tests/bin/Debug/net8.0/LoginUserAPI.Tests.dll" adapterTypeName="executor://xunit/VsTestRunner2/netcoreapp" className="LoginUserAPI.Tests.AuthControllerTests" name="HealthCheck_ReturnsOkResult" />
    </UnitTest>
    <UnitTest name="LoginUserAPI.Tests.AuthControllerIntegrationTests.Login_ValidCredentials_ReturnsSuccess" storage="/workspace/login-user/backend/loginuserapi.tests/bin/debug/net8.0/loginuserapi.tests.dll" id="26a6b848-2677-c45a-d9ce-54c24095405c">
      <Execution id="22a7d025-c0ce-424c-b6c9-f5cd013f3d4d" />
      <TestMethod codeBase="/workspace/login-user/backend/LoginUserAPI.Tests/bin/Debug/net8.0/LoginUserAPI.Tests.dll" adapterTypeName="executor://xunit/VsTestRunner2/netcoreapp" className="LoginUserAPI.Tests.AuthControllerIntegrationTests" name="Login_ValidCredentials_ReturnsSuccess" />
    </UnitTest>
    <UnitTest name="LoginUserAPI.Tests.AuthControllerTests.Login_NullRequest_ReturnsBadRequest" storage="/workspace/login-user/backend/loginuserapi.tests/bin/debug/net8.0/loginuserapi.tests.dll" id="bfdfdae4-9e7b-1cdd-7c44-748eb4c93efe">
      <Execution id="6f740ab4-23e6-4153-b251-73d9a500804d" />
      <TestMethod codeBase="/workspace/login-user/backend/LoginUserAPI.Tests/bin/Debug/net8.0/LoginUserAPI.Tests.dll" adapterTypeName="executor://xunit/VsTestRunner2/netcoreapp" className="LoginUserAPI.Tests.AuthControllerTests" name="Login_NullRequest_ReturnsBadRequest" />
    </UnitTest>
    <UnitTest name="LoginUserAPI.Tests.AuthControllerTests.Register_EmptyLastName_ReturnsBadRequest" storage="/workspace/login-user/backend/loginuserapi.tests/bin/debug/net8.0/loginuserapi.tests.dll" id="ec831a30-3189-2ccf-8a0f-32ece83e924e">
      <Execution id="55345d7b-60ec-464b-8162-eca8caef5b7e" />
      <TestMethod codeBase="/workspace/login-user/backend/LoginUserAPI.Tests/bin/Debug/net8.0/LoginUserAPI.Tests.dll" adapterTypeName="executor://xunit/VsTestRunner2/netcoreapp" className="LoginUserAPI.Tests.AuthControllerTests" name="Register_EmptyLastName_ReturnsBadRequest" />
    </UnitTest>
    <UnitTest name="LoginUserAPI.Tests.AuthControllerTests.UpdateProfile_EmptyFirstName_UpdatesOnlyLastName" storage="/workspace/login-user/backend/loginuserapi.tests/bin/debug/net8.0/loginuserapi.tests.dll" id="cd0c4b77-d167-435c-70ed-cb32bc90a837">
      <Execution id="e639d5bc-b1ba-44f6-9b15-313eef2fa035" />
      <TestMethod codeBase="/workspace/login-user/backend/LoginUserAPI.Tests/bin/Debug/net8.0/LoginUserAPI.Tests.dll" adapterTypeName="executor://xunit/VsTestRunner2/netcoreapp" className="LoginUserAPI.Tests.AuthControllerTests" name="UpdateProfile_EmptyFirstName_UpdatesOnlyLastName" />
    </UnitTest>
    <UnitTest name="LoginUserAPI.Tests.ModelTests.LoginRequest_DefaultValues_AreCorrect" storage="/workspace/login-user/backend/loginuserapi.tests/bin/debug/net8.0/loginuserapi.tests.dll" id="fe4576a3-20d2-804f-90d1-c3216283f4cc">
      <Execution id="0a02f15c-46f7-4785-9df9-cbee2e80f7bb" />
      <TestMethod codeBase="/workspace/login-user/backend/LoginUserAPI.Tests/bin/Debug/net8.0/LoginUserAPI.Tests.dll" adapterTypeName="executor://xunit/VsTestRunner2/netcoreapp" className="LoginUserAPI.Tests.ModelTests" name="LoginRequest_DefaultValues_AreCorrect" />
    </UnitTest>
    <UnitTest name="LoginUserAPI.Tests.AuthControllerTests.Login_NonExistentUser_ReturnsBadRequest" storage="/workspace/login-user/backend/loginuserapi.tests/bin/debug/net8.0/loginuserapi.tests.dll" id="60a2d821-d4f3-cc77-9b14-6af4a2ebe6e9">
      <Execution id="a18be09d-371c-4154-9b2d-06048c91a600" />
      <TestMethod codeBase="/workspace/login-user/backend/LoginUserAPI.Tests/bin/Debug/net8.0/LoginUserAPI.Tests.dll" adapterTypeName="executor://xunit/VsTestRunner2/netcoreapp" className="LoginUserAPI.Tests.AuthControllerTests" name="Login_NonExistentUser_ReturnsBadRequest" />
    </UnitTest>
    <UnitTest name="LoginUserAPI.Tests.AuthControllerTests.UpdateProfile_NullRequest_ReturnsBadRequest" storage="/workspace/login-user/backend/loginuserapi.tests/bin/debug/net8.0/loginuserapi.tests.dll" id="9f4a22b0-e53d-af5d-ce9f-302cb266e81f">
      <Execution id="d90148d3-0c31-4bbf-a78e-6e5eaebd4f23" />
      <TestMethod codeBase="/workspace/login-user/backend/LoginUserAPI.Tests/bin/Debug/net8.0/LoginUserAPI.Tests.dll" adapterTypeName="executor://xunit/VsTestRunner2/netcoreapp" className="LoginUserAPI.Tests.AuthControllerTests" name="UpdateProfile_NullRequest_ReturnsBadRequest" />
    </UnitTest>
    <UnitTest name="LoginUserAPI.Tests.ModelTests.LoginRequest_VariousInputs_WorksCorrectly(email: &quot;admin@company.net&quot;, password: &quot;admin123&quot;)" storage="/workspace/login-user/backend/loginuserapi.tests/bin/debug/net8.0/loginuserapi.tests.dll" id="946dd1cb-e0f0-962e-49f1-5c166d4adb96">
      <Execution id="e228c809-4367-426b-ae63-3bfa22218957" />
      <TestMethod codeBase="/workspace/login-user/backend/LoginUserAPI.Tests/bin/Debug/net8.0/LoginUserAPI.Tests.dll" adapterTypeName="executor://xunit/VsTestRunner2/netcoreapp" className="LoginUserAPI.Tests.ModelTests" name="LoginRequest_VariousInputs_WorksCorrectly" />
    </UnitTest>
    <UnitTest name="LoginUserAPI.Tests.AuthControllerIntegrationTests.UpdateProfile_ValidRequest_ReturnsSuccess" storage="/workspace/login-user/backend/loginuserapi.tests/bin/debug/net8.0/loginuserapi.tests.dll" id="7ff60b14-e3d4-22d7-b372-b2d8f1bc9eb4">
      <Execution id="dc6cc6bf-b553-4496-a3e0-f50a3d5c4603" />
      <TestMethod codeBase="/workspace/login-user/backend/LoginUserAPI.Tests/bin/Debug/net8.0/LoginUserAPI.Tests.dll" adapterTypeName="executor://xunit/VsTestRunner2/netcoreapp" className="LoginUserAPI.Tests.AuthControllerIntegrationTests" name="UpdateProfile_ValidRequest_ReturnsSuccess" />
    </UnitTest>
    <UnitTest name="LoginUserAPI.Tests.AuthControllerIntegrationTests.UpdateProfile_NonExistentUser_ReturnsNotFound" storage="/workspace/login-user/backend/loginuserapi.tests/bin/debug/net8.0/loginuserapi.tests.dll" id="7a8d0a09-3cbb-1169-56b3-d6cf4dcbfa86">
      <Execution id="f447326b-bb26-4b80-94ce-497dffac261d" />
      <TestMethod codeBase="/workspace/login-user/backend/LoginUserAPI.Tests/bin/Debug/net8.0/LoginUserAPI.Tests.dll" adapterTypeName="executor://xunit/VsTestRunner2/netcoreapp" className="LoginUserAPI.Tests.AuthControllerIntegrationTests" name="UpdateProfile_NonExistentUser_ReturnsNotFound" />
    </UnitTest>
    <UnitTest name="LoginUserAPI.Tests.AuthControllerTests.HealthCheck_ReturnsCorrectUserCount" storage="/workspace/login-user/backend/loginuserapi.tests/bin/debug/net8.0/loginuserapi.tests.dll" id="4c43baae-c7b2-9881-fac5-87acbdbfed7b">
      <Execution id="715df1c2-d4ab-4991-a84f-390dd77681df" />
      <TestMethod codeBase="/workspace/login-user/backend/LoginUserAPI.Tests/bin/Debug/net8.0/LoginUserAPI.Tests.dll" adapterTypeName="executor://xunit/VsTestRunner2/netcoreapp" className="LoginUserAPI.Tests.AuthControllerTests" name="HealthCheck_ReturnsCorrectUserCount" />
    </UnitTest>
    <UnitTest name="LoginUserAPI.Tests.AuthControllerTests.Login_InvalidCredentials_ReturnsBadRequest" storage="/workspace/login-user/backend/loginuserapi.tests/bin/debug/net8.0/loginuserapi.tests.dll" id="67978293-2af4-9ff3-6a6e-c0d6ba419049">
      <Execution id="5c652dab-2dd4-4bc6-b4ff-95d16d7bd50d" />
      <TestMethod codeBase="/workspace/login-user/backend/LoginUserAPI.Tests/bin/Debug/net8.0/LoginUserAPI.Tests.dll" adapterTypeName="executor://xunit/VsTestRunner2/netcoreapp" className="LoginUserAPI.Tests.AuthControllerTests" name="Login_InvalidCredentials_ReturnsBadRequest" />
    </UnitTest>
    <UnitTest name="LoginUserAPI.Tests.ModelTests.LoginRequest_VariousInputs_WorksCorrectly(email: &quot;test@example.com&quot;, password: &quot;password123&quot;)" storage="/workspace/login-user/backend/loginuserapi.tests/bin/debug/net8.0/loginuserapi.tests.dll" id="9aeab9da-e652-434f-d148-2e93f662d855">
      <Execution id="bb17395d-8452-4369-8824-95b3c8b87f93" />
      <TestMethod codeBase="/workspace/login-user/backend/LoginUserAPI.Tests/bin/Debug/net8.0/LoginUserAPI.Tests.dll" adapterTypeName="executor://xunit/VsTestRunner2/netcoreapp" className="LoginUserAPI.Tests.ModelTests" name="LoginRequest_VariousInputs_WorksCorrectly" />
    </UnitTest>
    <UnitTest name="LoginUserAPI.Tests.AuthControllerTests.Register_DuplicateEmail_ReturnsBadRequest" storage="/workspace/login-user/backend/loginuserapi.tests/bin/debug/net8.0/loginuserapi.tests.dll" id="0ebc68e4-1c08-c265-c29c-d7f19e0e5c2d">
      <Execution id="ab7b6774-a988-46ad-ab41-6789d511e29c" />
      <TestMethod codeBase="/workspace/login-user/backend/LoginUserAPI.Tests/bin/Debug/net8.0/LoginUserAPI.Tests.dll" adapterTypeName="executor://xunit/VsTestRunner2/netcoreapp" className="LoginUserAPI.Tests.AuthControllerTests" name="Register_DuplicateEmail_ReturnsBadRequest" />
    </UnitTest>
    <UnitTest name="LoginUserAPI.Tests.AuthControllerIntegrationTests.Register_DuplicateEmail_ReturnsBadRequest" storage="/workspace/login-user/backend/loginuserapi.tests/bin/debug/net8.0/loginuserapi.tests.dll" id="f724b0dc-c183-2b88-55f6-508d2d012eb6">
      <Execution id="ab8b0269-f1b5-4c7e-b473-9cde5b893ce9" />
      <TestMethod codeBase="/workspace/login-user/backend/LoginUserAPI.Tests/bin/Debug/net8.0/LoginUserAPI.Tests.dll" adapterTypeName="executor://xunit/VsTestRunner2/netcoreapp" className="LoginUserAPI.Tests.AuthControllerIntegrationTests" name="Register_DuplicateEmail_ReturnsBadRequest" />
    </UnitTest>
    <UnitTest name="LoginUserAPI.Tests.AuthControllerIntegrationTests.EndToEndUserFlow_RegisterLoginUpdateProfile_Success" storage="/workspace/login-user/backend/loginuserapi.tests/bin/debug/net8.0/loginuserapi.tests.dll" id="b7ff0544-5833-9bd0-40f7-a262c043b00e">
      <Execution id="ed90de74-7bd2-4a19-9e5b-970175a54ddc" />
      <TestMethod codeBase="/workspace/login-user/backend/LoginUserAPI.Tests/bin/Debug/net8.0/LoginUserAPI.Tests.dll" adapterTypeName="executor://xunit/VsTestRunner2/netcoreapp" className="LoginUserAPI.Tests.AuthControllerIntegrationTests" name="EndToEndUserFlow_RegisterLoginUpdateProfile_Success" />
    </UnitTest>
    <UnitTest name="LoginUserAPI.Tests.ModelTests.UserResponse_FromUser_MapsCorrectly" storage="/workspace/login-user/backend/loginuserapi.tests/bin/debug/net8.0/loginuserapi.tests.dll" id="eefae636-e025-842b-f4db-ce0fe24c7228">
      <Execution id="e8e338ba-fc66-4ae8-a86d-f95a9a47e5a4" />
      <TestMethod codeBase="/workspace/login-user/backend/LoginUserAPI.Tests/bin/Debug/net8.0/LoginUserAPI.Tests.dll" adapterTypeName="executor://xunit/VsTestRunner2/netcoreapp" className="LoginUserAPI.Tests.ModelTests" name="UserResponse_FromUser_MapsCorrectly" />
    </UnitTest>
    <UnitTest name="LoginUserAPI.Tests.AuthControllerTests.Register_ValidRequest_ReturnsOkResult" storage="/workspace/login-user/backend/loginuserapi.tests/bin/debug/net8.0/loginuserapi.tests.dll" id="3dfa2ae3-b559-2604-c84f-6f4008b379d7">
      <Execution id="b60e5ad4-3898-4771-8d98-f3ea5e71fc4c" />
      <TestMethod codeBase="/workspace/login-user/backend/LoginUserAPI.Tests/bin/Debug/net8.0/LoginUserAPI.Tests.dll" adapterTypeName="executor://xunit/VsTestRunner2/netcoreapp" className="LoginUserAPI.Tests.AuthControllerTests" name="Register_ValidRequest_ReturnsOkResult" />
    </UnitTest>
    <UnitTest name="LoginUserAPI.Tests.ModelTests.UserResponse_SetProperties_WorksCorrectly" storage="/workspace/login-user/backend/loginuserapi.tests/bin/debug/net8.0/loginuserapi.tests.dll" id="2772ac65-d708-a34c-3f7b-79c5ed321ca3">
      <Execution id="63fce7bb-2589-4282-a794-30d97eacde12" />
      <TestMethod codeBase="/workspace/login-user/backend/LoginUserAPI.Tests/bin/Debug/net8.0/LoginUserAPI.Tests.dll" adapterTypeName="executor://xunit/VsTestRunner2/netcoreapp" className="LoginUserAPI.Tests.ModelTests" name="UserResponse_SetProperties_WorksCorrectly" />
    </UnitTest>
    <UnitTest name="LoginUserAPI.Tests.ModelTests.UpdateProfileRequest_VariousInputs_WorksCorrectly(firstName: &quot;John&quot;, lastName: &quot;Doe&quot;)" storage="/workspace/login-user/backend/loginuserapi.tests/bin/debug/net8.0/loginuserapi.tests.dll" id="ebf53b28-2450-64ad-c356-5c3a121a3472">
      <Execution id="16498bb6-7cc7-4274-a070-040ae8b23e3c" />
      <TestMethod codeBase="/workspace/login-user/backend/LoginUserAPI.Tests/bin/Debug/net8.0/LoginUserAPI.Tests.dll" adapterTypeName="executor://xunit/VsTestRunner2/netcoreapp" className="LoginUserAPI.Tests.ModelTests" name="UpdateProfileRequest_VariousInputs_WorksCorrectly" />
    </UnitTest>
    <UnitTest name="LoginUserAPI.Tests.AuthControllerTests.Register_DuplicateEmailCaseInsensitive_ReturnsBadRequest" storage="/workspace/login-user/backend/loginuserapi.tests/bin/debug/net8.0/loginuserapi.tests.dll" id="c9501e7c-44b5-cdc3-2216-0670e2ff49d9">
      <Execution id="26ca27bf-5d6c-430c-8b64-9cbcef793822" />
      <TestMethod codeBase="/workspace/login-user/backend/LoginUserAPI.Tests/bin/Debug/net8.0/LoginUserAPI.Tests.dll" adapterTypeName="executor://xunit/VsTestRunner2/netcoreapp" className="LoginUserAPI.Tests.AuthControllerTests" name="Register_DuplicateEmailCaseInsensitive_ReturnsBadRequest" />
    </UnitTest>
    <UnitTest name="LoginUserAPI.Tests.AuthControllerTests.Login_EmptyEmail_ReturnsBadRequest" storage="/workspace/login-user/backend/loginuserapi.tests/bin/debug/net8.0/loginuserapi.tests.dll" id="8543fd21-3aa9-4dd0-70c5-1a6d62268c55">
      <Execution id="9527d0f7-8f70-43c3-b3dc-a37144dad979" />
      <TestMethod codeBase="/workspace/login-user/backend/LoginUserAPI.Tests/bin/Debug/net8.0/LoginUserAPI.Tests.dll" adapterTypeName="executor://xunit/VsTestRunner2/netcoreapp" className="LoginUserAPI.Tests.AuthControllerTests" name="Login_EmptyEmail_ReturnsBadRequest" />
    </UnitTest>
    <UnitTest name="LoginUserAPI.Tests.ModelTests.RegisterRequest_VariousInputs_WorksCorrectly(email: &quot;user@domain.org&quot;, password: &quot;secret&quot;, firstName: &quot;Jane&quot;, lastName: &quot;Smith&quot;)" storage="/workspace/login-user/backend/loginuserapi.tests/bin/debug/net8.0/loginuserapi.tests.dll" id="050789db-d758-acd6-21f9-a71b1eb7a5f2">
      <Execution id="b0a8a463-919b-4588-9f3d-3c2e3c1a94ae" />
      <TestMethod codeBase="/workspace/login-user/backend/LoginUserAPI.Tests/bin/Debug/net8.0/LoginUserAPI.Tests.dll" adapterTypeName="executor://xunit/VsTestRunner2/netcoreapp" className="LoginUserAPI.Tests.ModelTests" name="RegisterRequest_VariousInputs_WorksCorrectly" />
    </UnitTest>
    <UnitTest name="LoginUserAPI.Tests.AuthControllerIntegrationTests.HealthCheck_ReturnsSuccess" storage="/workspace/login-user/backend/loginuserapi.tests/bin/debug/net8.0/loginuserapi.tests.dll" id="122d19cc-3ca1-eb3f-9f6c-8dd278c27616">
      <Execution id="525d741c-48e9-4896-be26-1fda8705f676" />
      <TestMethod codeBase="/workspace/login-user/backend/LoginUserAPI.Tests/bin/Debug/net8.0/LoginUserAPI.Tests.dll" adapterTypeName="executor://xunit/VsTestRunner2/netcoreapp" className="LoginUserAPI.Tests.AuthControllerIntegrationTests" name="HealthCheck_ReturnsSuccess" />
    </UnitTest>
    <UnitTest name="LoginUserAPI.Tests.ModelTests.UserResponse_DefaultValues_AreCorrect" storage="/workspace/login-user/backend/loginuserapi.tests/bin/debug/net8.0/loginuserapi.tests.dll" id="a2ac3000-3496-c154-6505-37d5bfe315d0">
      <Execution id="2fc8a361-ec77-4756-9501-d840812c2e23" />
      <TestMethod codeBase="/workspace/login-user/backend/LoginUserAPI.Tests/bin/Debug/net8.0/LoginUserAPI.Tests.dll" adapterTypeName="executor://xunit/VsTestRunner2/netcoreapp" className="LoginUserAPI.Tests.ModelTests" name="UserResponse_DefaultValues_AreCorrect" />
    </UnitTest>
    <UnitTest name="LoginUserAPI.Tests.ModelTests.UpdateProfileRequest_VariousInputs_WorksCorrectly(firstName: &quot;Jane&quot;, lastName: &quot;Smith&quot;)" storage="/workspace/login-user/backend/loginuserapi.tests/bin/debug/net8.0/loginuserapi.tests.dll" id="103c1350-5726-a946-1007-ceaa5d533d13">
      <Execution id="0d822f9a-b684-4bf0-a416-196a8d500df9" />
      <TestMethod codeBase="/workspace/login-user/backend/LoginUserAPI.Tests/bin/Debug/net8.0/LoginUserAPI.Tests.dll" adapterTypeName="executor://xunit/VsTestRunner2/netcoreapp" className="LoginUserAPI.Tests.ModelTests" name="UpdateProfileRequest_VariousInputs_WorksCorrectly" />
    </UnitTest>
    <UnitTest name="LoginUserAPI.Tests.AuthControllerTests.UpdateProfile_NonExistentUser_ReturnsNotFound" storage="/workspace/login-user/backend/loginuserapi.tests/bin/debug/net8.0/loginuserapi.tests.dll" id="7c1b97f7-5270-f61f-4dad-087bd577c06f">
      <Execution id="f48f8251-12f7-4102-9ddf-0cf480b00bfb" />
      <TestMethod codeBase="/workspace/login-user/backend/LoginUserAPI.Tests/bin/Debug/net8.0/LoginUserAPI.Tests.dll" adapterTypeName="executor://xunit/VsTestRunner2/netcoreapp" className="LoginUserAPI.Tests.AuthControllerTests" name="UpdateProfile_NonExistentUser_ReturnsNotFound" />
    </UnitTest>
    <UnitTest name="LoginUserAPI.Tests.AuthControllerTests.UpdateProfile_ValidRequest_ReturnsOkResult" storage="/workspace/login-user/backend/loginuserapi.tests/bin/debug/net8.0/loginuserapi.tests.dll" id="104fcd3c-dbc8-6fa1-7bb0-50e9e6565be4">
      <Execution id="3e3b96c9-18bf-48ca-8473-aef673eee17f" />
      <TestMethod codeBase="/workspace/login-user/backend/LoginUserAPI.Tests/bin/Debug/net8.0/LoginUserAPI.Tests.dll" adapterTypeName="executor://xunit/VsTestRunner2/netcoreapp" className="LoginUserAPI.Tests.AuthControllerTests" name="UpdateProfile_ValidRequest_ReturnsOkResult" />
    </UnitTest>
  </TestDefinitions>
  <TestEntries>
    <TestEntry testId="4c43baae-c7b2-9881-fac5-87acbdbfed7b" executionId="715df1c2-d4ab-4991-a84f-390dd77681df" testListId="8c84fa94-04c1-424b-9868-57a2d4851a1d" />
    <TestEntry testId="ebf53b28-2450-64ad-c356-5c3a121a3472" executionId="16498bb6-7cc7-4274-a070-040ae8b23e3c" testListId="8c84fa94-04c1-424b-9868-57a2d4851a1d" />
    <TestEntry testId="6c20981b-8fb1-04a9-7ce4-3a3dc2dddcd3" executionId="57ad0efa-0429-4c2c-a528-82b0e9d5f932" testListId="8c84fa94-04c1-424b-9868-57a2d4851a1d" />
    <TestEntry testId="2772ac65-d708-a34c-3f7b-79c5ed321ca3" executionId="63fce7bb-2589-4282-a794-30d97eacde12" testListId="8c84fa94-04c1-424b-9868-57a2d4851a1d" />
    <TestEntry testId="d65bd58f-977e-c4ce-6077-c2d3655d3245" executionId="92dbeca4-7882-446d-8997-5503f8b92fe9" testListId="8c84fa94-04c1-424b-9868-57a2d4851a1d" />
    <TestEntry testId="b93153ab-798b-fed9-906e-7dad852e5b86" executionId="f183ee88-07b5-4787-a444-9e1c25299b58" testListId="8c84fa94-04c1-424b-9868-57a2d4851a1d" />
    <TestEntry testId="8543fd21-3aa9-4dd0-70c5-1a6d62268c55" executionId="9527d0f7-8f70-43c3-b3dc-a37144dad979" testListId="8c84fa94-04c1-424b-9868-57a2d4851a1d" />
    <TestEntry testId="cd0c4b77-d167-435c-70ed-cb32bc90a837" executionId="e639d5bc-b1ba-44f6-9b15-313eef2fa035" testListId="8c84fa94-04c1-424b-9868-57a2d4851a1d" />
    <TestEntry testId="fe4576a3-20d2-804f-90d1-c3216283f4cc" executionId="0a02f15c-46f7-4785-9df9-cbee2e80f7bb" testListId="8c84fa94-04c1-424b-9868-57a2d4851a1d" />
    <TestEntry testId="0b8755a0-d4b6-2c4e-afba-943b8094fc2c" executionId="d85f9f13-3fbf-4088-a599-4b327d24eaaa" testListId="8c84fa94-04c1-424b-9868-57a2d4851a1d" />
    <TestEntry testId="26a6b848-2677-c45a-d9ce-54c24095405c" executionId="22a7d025-c0ce-424c-b6c9-f5cd013f3d4d" testListId="8c84fa94-04c1-424b-9868-57a2d4851a1d" />
    <TestEntry testId="8d977e16-e184-3e4b-22d7-880ff7648c1d" executionId="5a97bb2c-b56c-4af6-a710-6366e4eb2ee3" testListId="8c84fa94-04c1-424b-9868-57a2d4851a1d" />
    <TestEntry testId="67978293-2af4-9ff3-6a6e-c0d6ba419049" executionId="5c652dab-2dd4-4bc6-b4ff-95d16d7bd50d" testListId="8c84fa94-04c1-424b-9868-57a2d4851a1d" />
    <TestEntry testId="103c1350-5726-a946-1007-ceaa5d533d13" executionId="0d822f9a-b684-4bf0-a416-196a8d500df9" testListId="8c84fa94-04c1-424b-9868-57a2d4851a1d" />
    <TestEntry testId="731bf6dc-2ae4-6fbc-a209-9a4e188d7d3e" executionId="eee8f75c-cc8f-437b-a9ee-c014cb0f8114" testListId="8c84fa94-04c1-424b-9868-57a2d4851a1d" />
    <TestEntry testId="f724b0dc-c183-2b88-55f6-508d2d012eb6" executionId="ab8b0269-f1b5-4c7e-b473-9cde5b893ce9" testListId="8c84fa94-04c1-424b-9868-57a2d4851a1d" />
    <TestEntry testId="60a2d821-d4f3-cc77-9b14-6af4a2ebe6e9" executionId="a18be09d-371c-4154-9b2d-06048c91a600" testListId="8c84fa94-04c1-424b-9868-57a2d4851a1d" />
    <TestEntry testId="24afb46c-5541-bab3-6fdd-f38b4e3eec9a" executionId="b3e3ea3f-89a6-4445-a3ed-5c13ebe7ed48" testListId="8c84fa94-04c1-424b-9868-57a2d4851a1d" />
    <TestEntry testId="7ff60b14-e3d4-22d7-b372-b2d8f1bc9eb4" executionId="dc6cc6bf-b553-4496-a3e0-f50a3d5c4603" testListId="8c84fa94-04c1-424b-9868-57a2d4851a1d" />
    <TestEntry testId="ec831a30-3189-2ccf-8a0f-32ece83e924e" executionId="55345d7b-60ec-464b-8162-eca8caef5b7e" testListId="8c84fa94-04c1-424b-9868-57a2d4851a1d" />
    <TestEntry testId="fcf249cf-8213-8b30-bde7-4cc90e6b3381" executionId="e096d02b-140b-410a-8b9f-90358c50a0f2" testListId="8c84fa94-04c1-424b-9868-57a2d4851a1d" />
    <TestEntry testId="bfdfdae4-9e7b-1cdd-7c44-748eb4c93efe" executionId="6f740ab4-23e6-4153-b251-73d9a500804d" testListId="8c84fa94-04c1-424b-9868-57a2d4851a1d" />
    <TestEntry testId="7c1b97f7-5270-f61f-4dad-087bd577c06f" executionId="f48f8251-12f7-4102-9ddf-0cf480b00bfb" testListId="8c84fa94-04c1-424b-9868-57a2d4851a1d" />
    <TestEntry testId="55fe5cd8-4ba4-8ca0-0fde-c411856fd3af" executionId="95af447a-4d54-4a78-9235-5773acfe67e7" testListId="8c84fa94-04c1-424b-9868-57a2d4851a1d" />
    <TestEntry testId="3a1dfe00-d838-a884-471f-9e95e7a3df10" executionId="bd0e24c8-ea8b-49c7-83e7-9025d5ffbc05" testListId="8c84fa94-04c1-424b-9868-57a2d4851a1d" />
    <TestEntry testId="eefae636-e025-842b-f4db-ce0fe24c7228" executionId="e8e338ba-fc66-4ae8-a86d-f95a9a47e5a4" testListId="8c84fa94-04c1-424b-9868-57a2d4851a1d" />
    <TestEntry testId="1f683a02-93a5-10e9-6675-a8aa61f55434" executionId="dd72c15d-89c1-4df2-82e9-721a86e02291" testListId="8c84fa94-04c1-424b-9868-57a2d4851a1d" />
    <TestEntry testId="fc74a278-a618-0a6d-a674-b5f0646c8c01" executionId="a9469946-7647-4583-9b7d-5e09e410cc94" testListId="8c84fa94-04c1-424b-9868-57a2d4851a1d" />
    <TestEntry testId="9aeab9da-e652-434f-d148-2e93f662d855" executionId="bb17395d-8452-4369-8824-95b3c8b87f93" testListId="8c84fa94-04c1-424b-9868-57a2d4851a1d" />
    <TestEntry testId="2550cc29-7ac7-4cd6-1bb9-d8eeddac3e22" executionId="f8732057-613c-4f58-881c-cb1193854e35" testListId="8c84fa94-04c1-424b-9868-57a2d4851a1d" />
    <TestEntry testId="25d41cb2-ad66-4c07-a13d-35ff1b341037" executionId="0f520e67-8337-42ff-b5af-ad9e49c4cb58" testListId="8c84fa94-04c1-424b-9868-57a2d4851a1d" />
    <TestEntry testId="65886fe9-0728-377c-0972-70840b879cc0" executionId="55271b98-85d9-4f1e-b8b3-986dfb7dbc29" testListId="8c84fa94-04c1-424b-9868-57a2d4851a1d" />
    <TestEntry testId="efd2b5e5-d353-3b18-0d16-f0335af8c7c7" executionId="d4c4c2c1-45c1-4c61-a290-1740530fd2a3" testListId="8c84fa94-04c1-424b-9868-57a2d4851a1d" />
    <TestEntry testId="3dfa2ae3-b559-2604-c84f-6f4008b379d7" executionId="b60e5ad4-3898-4771-8d98-f3ea5e71fc4c" testListId="8c84fa94-04c1-424b-9868-57a2d4851a1d" />
    <TestEntry testId="a1221ca2-1b8f-f11a-4614-b47fd795039a" executionId="c0c58405-91e3-413c-b87b-02872232fbab" testListId="8c84fa94-04c1-424b-9868-57a2d4851a1d" />
    <TestEntry testId="a2ac3000-3496-c154-6505-37d5bfe315d0" executionId="2fc8a361-ec77-4756-9501-d840812c2e23" testListId="8c84fa94-04c1-424b-9868-57a2d4851a1d" />
    <TestEntry testId="7a8d0a09-3cbb-1169-56b3-d6cf4dcbfa86" executionId="f447326b-bb26-4b80-94ce-497dffac261d" testListId="8c84fa94-04c1-424b-9868-57a2d4851a1d" />
    <TestEntry testId="15a180c4-9b96-5181-adb3-242c4afc51d8" executionId="c8826d63-3dea-44d9-a57d-aab60f426d89" testListId="8c84fa94-04c1-424b-9868-57a2d4851a1d" />
    <TestEntry testId="9f4a22b0-e53d-af5d-ce9f-302cb266e81f" executionId="d90148d3-0c31-4bbf-a78e-6e5eaebd4f23" testListId="8c84fa94-04c1-424b-9868-57a2d4851a1d" />
    <TestEntry testId="c9501e7c-44b5-cdc3-2216-0670e2ff49d9" executionId="26ca27bf-5d6c-430c-8b64-9cbcef793822" testListId="8c84fa94-04c1-424b-9868-57a2d4851a1d" />
    <TestEntry testId="122d19cc-3ca1-eb3f-9f6c-8dd278c27616" executionId="525d741c-48e9-4896-be26-1fda8705f676" testListId="8c84fa94-04c1-424b-9868-57a2d4851a1d" />
    <TestEntry testId="8a9c6e33-bbb6-595b-4c75-4bf777155dc0" executionId="81a7b6bc-9487-48f5-8ecb-0c081f0082fa" testListId="8c84fa94-04c1-424b-9868-57a2d4851a1d" />
    <TestEntry testId="104fcd3c-dbc8-6fa1-7bb0-50e9e6565be4" executionId="3e3b96c9-18bf-48ca-8473-aef673eee17f" testListId="8c84fa94-04c1-424b-9868-57a2d4851a1d" />
    <TestEntry testId="db1d10cb-c9e6-92bf-5440-b3b3a02863f7" executionId="301759ec-0bc5-4c04-a151-27f777b6a068" testListId="8c84fa94-04c1-424b-9868-57a2d4851a1d" />
    <TestEntry testId="b5768c06-b155-b4e8-6e93-81c1bcb733d6" executionId="a8795e73-13db-4f5d-8e54-abcc606ba4ab" testListId="8c84fa94-04c1-424b-9868-57a2d4851a1d" />
    <TestEntry testId="34bafbc7-fb19-a710-13da-e691742ae730" executionId="c525e028-4d19-4942-aec1-00c387134e75" testListId="8c84fa94-04c1-424b-9868-57a2d4851a1d" />
    <TestEntry testId="0ebc68e4-1c08-c265-c29c-d7f19e0e5c2d" executionId="ab7b6774-a988-46ad-ab41-6789d511e29c" testListId="8c84fa94-04c1-424b-9868-57a2d4851a1d" />
    <TestEntry testId="946dd1cb-e0f0-962e-49f1-5c166d4adb96" executionId="e228c809-4367-426b-ae63-3bfa22218957" testListId="8c84fa94-04c1-424b-9868-57a2d4851a1d" />
    <TestEntry testId="b7ff0544-5833-9bd0-40f7-a262c043b00e" executionId="ed90de74-7bd2-4a19-9e5b-970175a54ddc" testListId="8c84fa94-04c1-424b-9868-57a2d4851a1d" />
    <TestEntry testId="2afddba3-2be7-b882-fb42-c5bea2f6a55b" executionId="7157f0b7-fa1f-4a79-9e2a-502875dea171" testListId="8c84fa94-04c1-424b-9868-57a2d4851a1d" />
    <TestEntry testId="050789db-d758-acd6-21f9-a71b1eb7a5f2" executionId="b0a8a463-919b-4588-9f3d-3c2e3c1a94ae" testListId="8c84fa94-04c1-424b-9868-57a2d4851a1d" />
    <TestEntry testId="06ac2f45-63f5-136e-d4fc-ea226b4e3571" executionId="0d7cb3a2-728b-4604-9f30-068817a84fb8" testListId="8c84fa94-04c1-424b-9868-57a2d4851a1d" />
    <TestEntry testId="c2f89f0e-6426-9e39-7c55-983fe9b4f66f" executionId="f948c003-f5e2-4ba1-af43-7f937a5e49a8" testListId="8c84fa94-04c1-424b-9868-57a2d4851a1d" />
    <TestEntry testId="4ec23aab-966d-d71d-bc28-0f4db9b39fb0" executionId="f519914f-aafa-4c3f-96c5-66ec36d87e65" testListId="8c84fa94-04c1-424b-9868-57a2d4851a1d" />
  </TestEntries>
  <TestLists>
    <TestList name="Results Not in a List" id="8c84fa94-04c1-424b-9868-57a2d4851a1d" />
    <TestList name="All Loaded Results" id="19431567-8539-422a-85d7-44ee4e166bda" />
  </TestLists>
  <ResultSummary outcome="Failed">
    <Counters total="54" executed="54" passed="52" failed="2" error="0" timeout="0" aborted="0" inconclusive="0" passedButRunAborted="0" notRunnable="0" notExecuted="0" disconnected="0" warning="0" completed="0" inProgress="0" pending="0" />
    <Output>
      <StdOut>[xUnit.net 00:00:00.00] xUnit.net VSTest Adapter v2.5.3.1+6b60a9e56a (64-bit .NET 8.0.18)
[xUnit.net 00:00:00.06]   Discovering: LoginUserAPI.Tests
[xUnit.net 00:00:00.10]   Discovered:  LoginUserAPI.Tests
[xUnit.net 00:00:00.10]   Starting:    LoginUserAPI.Tests
[xUnit.net 00:00:00.26]       System.NullReferenceException : Object reference not set to an instance of an object.
[xUnit.net 00:00:00.26]       Stack Trace:
[xUnit.net 00:00:00.26]         /workspace/login-user/backend/LoginUserAPI/Controllers/AuthController.cs(84,0): at LoginUserAPI.Controllers.AuthController.Login(LoginRequest request)
[xUnit.net 00:00:00.26]         /workspace/login-user/backend/LoginUserAPI.Tests/AuthControllerTests.cs(251,0): at LoginUserAPI.Tests.AuthControllerTests.Login_NullRequest_ReturnsBadRequest()
[xUnit.net 00:00:00.26]            at System.RuntimeMethodHandle.InvokeMethod(Object target, Void** arguments, Signature sig, Boolean isConstructor)
[xUnit.net 00:00:00.26]            at System.Reflection.MethodBaseInvoker.InvokeWithNoArgs(Object obj, BindingFlags invokeAttr)
[xUnit.net 00:00:00.26]       Assert.IsType() Failure: Value is not the exact type
[xUnit.net 00:00:00.26]       Expected: typeof(Microsoft.AspNetCore.Mvc.BadRequestObjectResult)
[xUnit.net 00:00:00.26]       Actual:   typeof(Microsoft.AspNetCore.Mvc.NotFoundObjectResult)
[xUnit.net 00:00:00.26]       Stack Trace:
[xUnit.net 00:00:00.26]         /workspace/login-user/backend/LoginUserAPI.Tests/AuthControllerTests.cs(452,0): at LoginUserAPI.Tests.AuthControllerTests.UpdateProfile_NullRequest_ReturnsBadRequest()
[xUnit.net 00:00:00.26]            at System.RuntimeMethodHandle.InvokeMethod(Object target, Void** arguments, Signature sig, Boolean isConstructor)
[xUnit.net 00:00:00.26]            at System.Reflection.MethodBaseInvoker.InvokeWithNoArgs(Object obj, BindingFlags invokeAttr)
info: Microsoft.EntityFrameworkCore.Update[30100]
      Saved 0 entities to in-memory store.
info: LoginUserAPI.Controllers.AuthController[0]
      Registration attempt for email: 
warn: LoginUserAPI.Controllers.AuthController[0]
      Registration failed: Missing email or password
info: LoginUserAPI.Controllers.AuthController[0]
      Registration attempt for email: update@example.com
info: LoginUserAPI.Controllers.AuthController[0]
      User registered successfully with ID: 3
info: LoginUserAPI.Controllers.AuthController[0]
      Registration attempt for email: duplicate@example.com
info: LoginUserAPI.Controllers.AuthController[0]
      User registered successfully with ID: 4
info: LoginUserAPI.Controllers.AuthController[0]
      Registration attempt for email: duplicate@example.com
warn: LoginUserAPI.Controllers.AuthController[0]
      Registration failed: User already exists with email duplicate@example.com
info: LoginUserAPI.Controllers.AuthController[0]
      Registration attempt for email: integration@example.com
info: LoginUserAPI.Controllers.AuthController[0]
      User registered successfully with ID: 5
info: LoginUserAPI.Controllers.AuthController[0]
      Registration attempt for email: login@example.com
info: LoginUserAPI.Controllers.AuthController[0]
      User registered successfully with ID: 6
info: LoginUserAPI.Controllers.AuthController[0]
      Registration attempt for email: endtoend@example.com
info: LoginUserAPI.Controllers.AuthController[0]
      User registered successfully with ID: 7
[xUnit.net 00:00:00.64]   Finished:    LoginUserAPI.Tests
</StdOut>
    </Output>
    <RunInfos>
      <RunInfo computerName="cursor" outcome="Error" timestamp="2025-07-22T11:39:04.8385838+00:00">
        <Text>[xUnit.net 00:00:00.26]     LoginUserAPI.Tests.AuthControllerTests.Login_NullRequest_ReturnsBadRequest [FAIL]</Text>
      </RunInfo>
      <RunInfo computerName="cursor" outcome="Error" timestamp="2025-07-22T11:39:04.8435503+00:00">
        <Text>[xUnit.net 00:00:00.26]     LoginUserAPI.Tests.AuthControllerTests.UpdateProfile_NullRequest_ReturnsBadRequest [FAIL]</Text>
      </RunInfo>
    </RunInfos>
    <CollectorDataEntries>
      <Collector agentName="cursor" uri="datacollector://microsoft/CoverletCodeCoverage/1.0" collectorDisplayName="XPlat code coverage">
        <UriAttachments>
          <UriAttachment>
            <A href="cursor/coverage.cobertura.xml"></A>
          </UriAttachment>
        </UriAttachments>
      </Collector>
    </CollectorDataEntries>
  </ResultSummary>
</TestRun>